 AdversarialSearch

 Timestamp is 545a75b2 (Wed Nov 05 12:08:34 2014)

 Preferred load address is 00400000

 Start         Length     Name                   Class
 0001:00000000 000349aaH .text                   CODE
 0001:000349b0 000017c5H .text$x                 CODE
 0001:00036180 0000ae79H .text$yc                CODE
 0001:00041000 0000056aH .text$yd                CODE
 0002:00000000 00000134H .idata$5                DATA
 0002:00000134 00000004H .CRT$XCA                DATA
 0002:00000138 00000004H .CRT$XCAA               DATA
 0002:0000013c 00000c90H .CRT$XCU                DATA
 0002:00000dcc 00000004H .CRT$XCZ                DATA
 0002:00000dd0 00000004H .CRT$XIA                DATA
 0002:00000dd4 00000004H .CRT$XIAA               DATA
 0002:00000dd8 00000004H .CRT$XIC                DATA
 0002:00000ddc 00000004H .CRT$XIY                DATA
 0002:00000de0 00000004H .CRT$XIZ                DATA
 0002:00000df0 00003970H .rdata                  DATA
 0002:00004760 00000070H .rdata$debug            DATA
 0002:000047d0 00000738H .rdata$r                DATA
 0002:00004f10 000001b8H .rdata$sxdata           DATA
 0002:000050c8 00000004H .rtc$IAA                DATA
 0002:000050cc 00000004H .rtc$IZZ                DATA
 0002:000050d0 00000004H .rtc$TAA                DATA
 0002:000050d4 00000004H .rtc$TZZ                DATA
 0002:000050d8 00001facH .xdata$x                DATA
 0002:00007084 0000003cH .idata$2                DATA
 0002:000070c0 00000014H .idata$3                DATA
 0002:000070d4 00000134H .idata$4                DATA
 0002:00007208 000008eeH .idata$6                DATA
 0002:00007af6 00000000H .edata                  DATA
 0003:00000000 00000ae0H .data                   DATA
 0003:00000ae0 0005d5bcH .bss                    DATA

  Address         Publics by Value              Rva+Base       Lib:Object

 0000:00000000       __except_list              00000000     <absolute>
 0000:0000006e       ___safe_se_handler_count   0000006e     <absolute>
 0000:00009876       __ldused                   00009876     <absolute>
 0000:00009876       __fltused                  00009876     <absolute>
 0000:00000000       ___ImageBase               00400000     <linker-defined>
 0001:00000000       ??1bad_alloc@std@@UAE@XZ   00401000 f i AlphaBeta.obj
 0001:00000010       ??_Ebad_alloc@std@@UAEPAXI@Z 00401010 f i  CIL library: CIL module
 0001:00000010       ??_Gbad_alloc@std@@UAEPAXI@Z 00401010 f i AlphaBeta.obj
 0001:00000040       ??0logic_error@std@@QAE@ABV?$basic_string@DU?$char_traits@D@std@@V?$allocator@D@2@@1@@Z 00401040 f i AlphaBeta.obj
 0001:000000a0       ?what@logic_error@std@@UBEPBDXZ 004010a0 f i AlphaBeta.obj
 0001:000000b0       ??1length_error@std@@UAE@XZ 004010b0 f i AlphaBeta.obj
 0001:000000d0       ??_Glength_error@std@@UAEPAXI@Z 004010d0 f i AlphaBeta.obj
 0001:000000d0       ??_Glogic_error@std@@UAEPAXI@Z 004010d0 f i AlphaBeta.obj
 0001:000000d0       ??_Elogic_error@std@@UAEPAXI@Z 004010d0 f i  CIL library: CIL module
 0001:000000d0       ??_Elength_error@std@@UAEPAXI@Z 004010d0 f i  CIL library: CIL module
 0001:00000100       ??0logic_error@std@@QAE@ABV01@@Z 00401100 f i AlphaBeta.obj
 0001:00000170       ??0MoveArray@MicroSearch@@QAE@I@Z 00401170 f i AlphaBeta.obj
 0001:00000230       ?getMove@MoveArray@MicroSearch@@QBEABVMove@2@ABIAB_K@Z 00401230 f i AlphaBeta.obj
 0001:000002e0       ?getTupleMove@MoveArray@MicroSearch@@QBEABVMove@2@AB_KABI@Z 004012e0 f i AlphaBeta.obj
 0001:000004b0       ??1?$Array2D@VMove@MicroSearch@@$07$0N@@@QAE@XZ 004014b0 f i AlphaBeta.obj
 0001:000004c0       ??1?$Array@H$07@@QAE@XZ    004014c0 f i Player.obj
 0001:000004c0       ?destroy@?$allocator@V?$Array@PAVUnit@MicroSearch@@$07@@@std@@QAEXPAV?$Array@PAVUnit@MicroSearch@@$07@@@Z 004014c0 f i AlphaBeta.obj
 0001:000004c0       ??1?$Array@I$07@@QAE@XZ    004014c0 f i AlphaBeta.obj
 0001:000004f0       ??1?$Array@V?$Array@VMove@MicroSearch@@$0N@@@$07@@QAE@XZ 004014f0 f i AlphaBeta.obj
 0001:00000560       ??1?$Array@VMove@MicroSearch@@$0N@@@QAE@XZ 00401560 f i AlphaBeta.obj
 0001:000005a0       ?destroy@sp_counted_base@detail@boost@@UAEXXZ 004015a0 f i AlphaBeta.obj
 0001:000005b0       ??1shared_count@detail@boost@@QAE@XZ 004015b0 f i AlphaBeta.obj
 0001:000005f0       ?sp_enable_shared_from_this@detail@boost@@YAXZZ 004015f0 f i AlphaBeta.obj
 0001:000005f0       ??3@YAXPAX0@Z              004015f0 f i AlphaBeta.obj
 0001:00000600       ??0AlphaBeta@MicroSearch@@QAE@ABVMicroSearchParameters@1@V?$shared_ptr@VTranspositionTable@MicroSearch@@@boost@@@Z 00401600 f   AlphaBeta.obj
 0001:00000870       ??1?$shared_ptr@VTranspositionTable@MicroSearch@@@boost@@QAE@XZ 00401870 f i AlphaBeta.obj
 0001:000008b0       ??0MicroSearchParameters@MicroSearch@@QAE@ABV01@@Z 004018b0 f i AlphaBeta.obj
 0001:00000920       ??1MicroSearchParameters@MicroSearch@@QAE@XZ 00401920 f i AlphaBeta.obj
 0001:00000940       ??1?$Array@VMoveArray@MicroSearch@@$09@@QAE@XZ 00401940 f i AlphaBeta.obj
 0001:000009c0       ??1?$Array2D@_K$09$09@@QAE@XZ 004019c0 f i AlphaBeta.obj
 0001:000009d0       ??1?$shared_ptr@VPlayer@MicroSearch@@@boost@@QAE@XZ 004019d0 f i AlphaBeta.obj
 0001:00000a10       ??0?$shared_ptr@VPlayer@MicroSearch@@@boost@@QAE@ABV01@@Z 00401a10 f i AlphaBeta.obj
 0001:00000a40       ??1MoveArray@MicroSearch@@QAE@XZ 00401a40 f i AlphaBeta.obj
 0001:00000ac0       ??1?$Array@V?$Array@_K$09@@$09@@QAE@XZ 00401ac0 f i AlphaBeta.obj
 0001:00000b30       ??1?$Array@_K$09@@QAE@XZ   00401b30 f i AlphaBeta.obj
 0001:00000b70       ?doSearch@AlphaBeta@MicroSearch@@QAEXAAVGameState@2@@Z 00401b70 f   AlphaBeta.obj
 0001:00000c40       ?IDAlphaBeta@AlphaBeta@MicroSearch@@QAE?AVAlphaBetaValue@2@AAVGameState@2@ABI@Z 00401c40 f   AlphaBeta.obj
 0001:00000e30       ?TTsave@AlphaBeta@MicroSearch@@QAEXAAVGameState@2@ABVAlphaBetaScore@2@11ABIABEABVAlphaBetaMove@2@4@Z 00401e30 f   AlphaBeta.obj
 0001:00000f60       ?TTlookup@AlphaBeta@MicroSearch@@QAE?AVTTLookupValue@2@ABVGameState@2@AAVAlphaBetaScore@2@1ABI@Z 00401f60 f   AlphaBeta.obj
 0001:000010c0       ?doTupleMoves@AlphaBeta@MicroSearch@@QAEXAAVGameState@2@AAVMoveArray@2@AB_K@Z 004020c0 f   AlphaBeta.obj
 0001:00001120       ?searchTimeOut@AlphaBeta@MicroSearch@@QAE?B_NXZ 00402120 f   AlphaBeta.obj
 0001:000011b0       ?getAlphaBetaMove@AlphaBeta@MicroSearch@@QBEABVAlphaBetaMove@2@ABVTTLookupValue@2@ABE@Z 004021b0 f   AlphaBeta.obj
 0001:000011e0       ?generateOrderedMoves@AlphaBeta@MicroSearch@@QAEXAAVGameState@2@AAVMoveArray@2@ABVTTLookupValue@2@ABEABI@Z 004021e0 f   AlphaBeta.obj
 0001:000014d0       ?getNextMoveTuple@AlphaBeta@MicroSearch@@QBE?B_KAB_KABI@Z 004024d0 f   AlphaBeta.obj
 0001:000015d0       ?getNumMoveTuples@AlphaBeta@MicroSearch@@QBE?B_KAAVMoveArray@2@ABVTTLookupValue@2@ABEABI@Z 004025d0 f   AlphaBeta.obj
 0001:00001650       ?getPlayerToMove@AlphaBeta@MicroSearch@@QBE?BEAAVGameState@2@ABIABE_N@Z 00402650 f   AlphaBeta.obj
 0001:000016c0       ?alphaBeta@AlphaBeta@MicroSearch@@QAE?AVAlphaBetaValue@2@AAVGameState@2@IEPB_KVAlphaBetaScore@2@2@Z 004026c0 f   AlphaBeta.obj
 0001:00001d90       ??1GameState@MicroSearch@@QAE@XZ 00402d90 f i AlphaBeta.obj
 0001:00001f30       ??1?$Array2D@VUnit@MicroSearch@@$01$07@@QAE@XZ 00402f30 f i AlphaBeta.obj
 0001:00001f40       ??1?$Array2D@PAVUnit@MicroSearch@@$01$07@@QAE@XZ 00402f40 f i AlphaBeta.obj
 0001:00001f50       ??1?$Array@VUnit@MicroSearch@@$00@@QAE@XZ 00402f50 f i AlphaBeta.obj
 0001:00001f80       ??1?$Array@E$01@@QAE@XZ    00402f80 f i AlphaBeta.obj
 0001:00001fb0       ??1?$Array@M$01@@QAE@XZ    00402fb0 f i AlphaBeta.obj
 0001:00001fe0       ??1?$Array@V?$Array@VUnit@MicroSearch@@$07@@$01@@QAE@XZ 00402fe0 f i AlphaBeta.obj
 0001:00002060       ??1?$Array@V?$Array@PAVUnit@MicroSearch@@$07@@$01@@QAE@XZ 00403060 f i AlphaBeta.obj
 0001:000020d0       ??1?$Array@VUnit@MicroSearch@@$07@@QAE@XZ 004030d0 f i AlphaBeta.obj
 0001:00002120       ??1?$Array@PAVUnit@MicroSearch@@$07@@QAE@XZ 00403120 f i AlphaBeta.obj
 0001:00002160       ??A?$Array@VMove@MicroSearch@@$0N@@@QBEABVMove@MicroSearch@@ABI@Z 00403160 f i AlphaBeta.obj
 0001:000021c0       ??1?$vector@VMove@MicroSearch@@V?$allocator@VMove@MicroSearch@@@std@@@std@@QAE@XZ 004031c0 f i AlphaBeta.obj
 0001:00002200       ??1?$vector@V?$Array@VMove@MicroSearch@@$0N@@@V?$allocator@V?$Array@VMove@MicroSearch@@$0N@@@@std@@@std@@QAE@XZ 00403200 f i AlphaBeta.obj
 0001:00002250       ?fill@?$Array@I$07@@QAEXABI@Z 00403250 f i AlphaBeta.obj
 0001:000022d0       ??0?$Array@VMoveArray@MicroSearch@@$09@@QAE@XZ 004032d0 f i AlphaBeta.obj
 0001:00002350       ??A?$Array@_K$09@@QBEAB_KABI@Z 00403350 f i AlphaBeta.obj
 0001:000023b0       ?add@?$Array@_K$09@@QAEXAB_K@Z 004033b0 f i AlphaBeta.obj
 0001:00002400       ??1?$vector@V?$shared_ptr@VPlayer@MicroSearch@@@boost@@V?$allocator@V?$shared_ptr@VPlayer@MicroSearch@@@boost@@@std@@@std@@QAE@XZ 00403400 f i AlphaBeta.obj
 0001:00002480       ?push_back@?$vector@V?$shared_ptr@VPlayer@MicroSearch@@@boost@@V?$allocator@V?$shared_ptr@VPlayer@MicroSearch@@@boost@@@std@@@std@@QAEXABV?$shared_ptr@VPlayer@MicroSearch@@@boost@@@Z 00403480 f i AlphaBeta.obj
 0001:00002500       ??_FMoveArray@MicroSearch@@QAEXXZ 00403500 f i AlphaBeta.obj
 0001:00002510       ??1?$_Vector_val@VMove@MicroSearch@@V?$allocator@VMove@MicroSearch@@@std@@@std@@QAE@XZ 00403510 f i AlphaBeta.obj
 0001:00002510       ??1?$_Vector_val@V?$Array@PAVUnit@MicroSearch@@$07@@V?$allocator@V?$Array@PAVUnit@MicroSearch@@$07@@@std@@@std@@QAE@XZ 00403510 f i AlphaBeta.obj
 0001:00002510       ??1?$_Vector_val@V?$Array@VMove@MicroSearch@@$0N@@@V?$allocator@V?$Array@VMove@MicroSearch@@$0N@@@@std@@@std@@QAE@XZ 00403510 f i AlphaBeta.obj
 0001:00002510       ??1?$_Vector_val@V?$Array@VUnit@MicroSearch@@$07@@V?$allocator@V?$Array@VUnit@MicroSearch@@$07@@@std@@@std@@QAE@XZ 00403510 f i AlphaBeta.obj
 0001:00002510       ??1?$_Vector_val@V?$Array@_K$09@@V?$allocator@V?$Array@_K$09@@@std@@@std@@QAE@XZ 00403510 f i AlphaBeta.obj
 0001:00002510       ??1?$_Vector_val@_KV?$allocator@_K@std@@@std@@QAE@XZ 00403510 f i AlphaBeta.obj
 0001:00002510       ??1?$_Vector_val@V?$vector@_NV?$allocator@_N@std@@@std@@V?$allocator@V?$vector@_NV?$allocator@_N@std@@@std@@@2@@std@@QAE@XZ 00403510 f i test.obj
 0001:00002510       ??1?$_Vector_val@VGameState@MicroSearch@@V?$allocator@VGameState@MicroSearch@@@std@@@std@@QAE@XZ 00403510 f i test.obj
 0001:00002510       ??1?$_Vector_val@IV?$allocator@I@std@@@std@@QAE@XZ 00403510 f i AlphaBeta.obj
 0001:00002510       ??1?$_Vector_val@VUnit@MicroSearch@@V?$allocator@VUnit@MicroSearch@@@std@@@std@@QAE@XZ 00403510 f i AlphaBeta.obj
 0001:00002510       ??1?$_Vector_val@EV?$allocator@E@std@@@std@@QAE@XZ 00403510 f i AlphaBeta.obj
 0001:00002510       ??1?$_Vector_val@U?$pair@HH@std@@V?$allocator@U?$pair@HH@std@@@2@@std@@QAE@XZ 00403510 f i Common.obj
 0001:00002510       ??1?$_Vector_val@HV?$allocator@H@std@@@std@@QAE@XZ 00403510 f i AlphaBeta.obj
 0001:00002510       ??1?$_Vector_val@MV?$allocator@M@std@@@std@@QAE@XZ 00403510 f i AlphaBeta.obj
 0001:00002510       ??1?$_Vector_val@V?$basic_string@DU?$char_traits@D@std@@V?$allocator@D@2@@std@@V?$allocator@V?$basic_string@DU?$char_traits@D@std@@V?$allocator@D@2@@std@@@2@@std@@QAE@XZ 00403510 f i Common.obj
 0001:00002510       ??1?$_Container_base_aux_alloc_real@V?$allocator@_N@std@@@std@@IAE@XZ 00403510 f i test.obj
 0001:00002510       ??1?$_Vector_val@V?$shared_ptr@VPlayer@MicroSearch@@@boost@@V?$allocator@V?$shared_ptr@VPlayer@MicroSearch@@@boost@@@std@@@std@@QAE@XZ 00403510 f i AlphaBeta.obj
 0001:00002510       ??1?$_Vector_val@VMoveArray@MicroSearch@@V?$allocator@VMoveArray@MicroSearch@@@std@@@std@@QAE@XZ 00403510 f i AlphaBeta.obj
 0001:00002510       ??1?$_Vector_val@VTTEntry@MicroSearch@@V?$allocator@VTTEntry@MicroSearch@@@std@@@std@@QAE@XZ 00403510 f i AlphaBeta.obj
 0001:00002510       ??1?$_Vector_val@PAVUnit@MicroSearch@@V?$allocator@PAVUnit@MicroSearch@@@std@@@std@@QAE@XZ 00403510 f i AlphaBeta.obj
 0001:00002520       ??0?$Array@V?$Array@VMove@MicroSearch@@$0N@@@$07@@QAE@XZ 00403520 f i AlphaBeta.obj
 0001:000025a0       ?_Tidy@?$vector@V?$Array@VMove@MicroSearch@@$0N@@@V?$allocator@V?$Array@VMove@MicroSearch@@$0N@@@@std@@@std@@IAEXXZ 004035a0 f i AlphaBeta.obj
 0001:000025e0       ?_Buy@?$vector@_KV?$allocator@_K@std@@@std@@IAE_NI@Z 004035e0 f i AlphaBeta.obj
 0001:000025e0       ?_Buy@?$vector@U?$pair@HH@std@@V?$allocator@U?$pair@HH@std@@@2@@std@@IAE_NI@Z 004035e0 f i Common.obj
 0001:00002610       ?_Tidy@?$vector@V?$Array@VUnit@MicroSearch@@$07@@V?$allocator@V?$Array@VUnit@MicroSearch@@$07@@@std@@@std@@IAEXXZ 00403610 f i AlphaBeta.obj
 0001:00002650       ?_Tidy@?$vector@V?$Array@PAVUnit@MicroSearch@@$07@@V?$allocator@V?$Array@PAVUnit@MicroSearch@@$07@@@std@@@std@@IAEXXZ 00403650 f i AlphaBeta.obj
 0001:00002690       ?get@?$Array@VMoveArray@MicroSearch@@$09@@QAEAAVMoveArray@MicroSearch@@ABI@Z 00403690 f i AlphaBeta.obj
 0001:00002700       ?_Tidy@?$vector@VMoveArray@MicroSearch@@V?$allocator@VMoveArray@MicroSearch@@@std@@@std@@IAEXXZ 00403700 f i AlphaBeta.obj
 0001:00002750       ??0?$Array@V?$Array@_K$09@@$09@@QAE@XZ 00403750 f i AlphaBeta.obj
 0001:000027d0       ?contains@?$Array@_K$09@@QBE?B_NAB_K@Z 004037d0 f i AlphaBeta.obj
 0001:00002840       ?insert@?$vector@V?$shared_ptr@VPlayer@MicroSearch@@@boost@@V?$allocator@V?$shared_ptr@VPlayer@MicroSearch@@@boost@@@std@@@std@@QAE?AV?$_Vector_iterator@V?$shared_ptr@VPlayer@MicroSearch@@@boost@@V?$allocator@V?$shared_ptr@VPlayer@MicroSearch@@@boost@@@std@@@2@V?$_Vector_const_iterator@V?$shared_ptr@VPlayer@MicroSearch@@@boost@@V?$allocator@V?$shared_ptr@VPlayer@MicroSearch@@@boost@@@std@@@2@ABV?$shared_ptr@VPlayer@MicroSearch@@@boost@@@Z 00403840 f i AlphaBeta.obj
 0001:000028f0       ??0?$Array@VMove@MicroSearch@@$0N@@@QAE@XZ 004038f0 f i AlphaBeta.obj
 0001:00002930       ?_Destroy@?$vector@V?$Array@VMove@MicroSearch@@$0N@@@V?$allocator@V?$Array@VMove@MicroSearch@@$0N@@@@std@@@std@@IAEXPAV?$Array@VMove@MicroSearch@@$0N@@@0@Z 00403930 f i AlphaBeta.obj
 0001:00002950       ?_Xlen@?$vector@PAVUnit@MicroSearch@@V?$allocator@PAVUnit@MicroSearch@@@std@@@std@@KAXXZ 00403950 f i GameState.obj
 0001:00002950       ?_Xlen@?$vector@V?$Array@VMove@MicroSearch@@$0N@@@V?$allocator@V?$Array@VMove@MicroSearch@@$0N@@@@std@@@std@@KAXXZ 00403950 f i AlphaBeta.obj
 0001:00002950       ?_Xlen@?$vector@VMove@MicroSearch@@V?$allocator@VMove@MicroSearch@@@std@@@std@@KAXXZ 00403950 f i AlphaBeta.obj
 0001:00002950       ?_Xlen@?$vector@IV?$allocator@I@std@@@std@@KAXXZ 00403950 f i AlphaBeta.obj
 0001:00002950       ?_Xlen@?$vector@V?$basic_string@DU?$char_traits@D@std@@V?$allocator@D@2@@std@@V?$allocator@V?$basic_string@DU?$char_traits@D@std@@V?$allocator@D@2@@std@@@2@@std@@KAXXZ 00403950 f i Common.obj
 0001:00002950       ?_Xlen@?$vector@U?$pair@HH@std@@V?$allocator@U?$pair@HH@std@@@2@@std@@KAXXZ 00403950 f i Common.obj
 0001:00002950       ?_Xlen@?$vector@VUnit@MicroSearch@@V?$allocator@VUnit@MicroSearch@@@std@@@std@@KAXXZ 00403950 f i GameState.obj
 0001:00002950       ?_Xlen@?$vector@_KV?$allocator@_K@std@@@std@@KAXXZ 00403950 f i AlphaBeta.obj
 0001:000029c0       ?get@?$Array@V?$Array@_K$09@@$09@@QAEAAV?$Array@_K$09@@ABI@Z 004039c0 f i AlphaBeta.obj
 0001:000029c0       ?get@?$Array@V?$Array@_K$09@@$09@@QBEABV?$Array@_K$09@@ABI@Z 004039c0 f i AlphaBeta.obj
 0001:00002a30       ??0?$Array@_K$09@@QAE@XZ   00403a30 f i AlphaBeta.obj
 0001:00002a50       ?_Insert_n@?$vector@V?$shared_ptr@VPlayer@MicroSearch@@@boost@@V?$allocator@V?$shared_ptr@VPlayer@MicroSearch@@@boost@@@std@@@std@@IAEXV?$_Vector_const_iterator@V?$shared_ptr@VPlayer@MicroSearch@@@boost@@V?$allocator@V?$shared_ptr@VPlayer@MicroSearch@@@boost@@@std@@@2@IABV?$shared_ptr@VPlayer@MicroSearch@@@boost@@@Z 00403a50 f i AlphaBeta.obj
 0001:00002d10       ?allocate@?$allocator@U?$pair@HH@std@@@std@@QAEPAU?$pair@HH@2@I@Z 00403d10 f i Common.obj
 0001:00002d10       ?allocate@?$allocator@V?$shared_ptr@VPlayer@MicroSearch@@@boost@@@std@@QAEPAV?$shared_ptr@VPlayer@MicroSearch@@@boost@@I@Z 00403d10 f i AlphaBeta.obj
 0001:00002d10       ?allocate@?$allocator@_K@std@@QAEPA_KI@Z 00403d10 f i AlphaBeta.obj
 0001:00002d70       ??0length_error@std@@QAE@ABV01@@Z 00403d70 f i AlphaBeta.obj
 0001:00002d90       ??0?$vector@VMove@MicroSearch@@V?$allocator@VMove@MicroSearch@@@std@@@std@@QAE@XZ 00403d90 f i AlphaBeta.obj
 0001:00002df0       ?_Buy@?$vector@V?$Array@VMove@MicroSearch@@$0N@@@V?$allocator@V?$Array@VMove@MicroSearch@@$0N@@@@std@@@std@@IAE_NI@Z 00403df0 f i AlphaBeta.obj
 0001:00002e20       ?allocate@?$allocator@V?$Array@VMove@MicroSearch@@$0N@@@@std@@QAEPAV?$Array@VMove@MicroSearch@@$0N@@@I@Z 00403e20 f i AlphaBeta.obj
 0001:00002e80       ??$?0VTranspositionTable@MicroSearch@@@?$shared_ptr@VTranspositionTable@MicroSearch@@@boost@@QAE@PAVTranspositionTable@MicroSearch@@@Z 00403e80 f i AlphaBeta.obj
 0001:00002ee0       ??$?0VPlayer_NOK_AttackDPS@MicroSearch@@@?$shared_ptr@VPlayer@MicroSearch@@@boost@@QAE@PAVPlayer_NOK_AttackDPS@MicroSearch@@@Z 00403ee0 f i AlphaBeta.obj
 0001:00002f40       ??$_Umove@PAV?$shared_ptr@VPlayer@MicroSearch@@@boost@@@?$vector@V?$shared_ptr@VPlayer@MicroSearch@@@boost@@V?$allocator@V?$shared_ptr@VPlayer@MicroSearch@@@boost@@@std@@@std@@IAEPAV?$shared_ptr@VPlayer@MicroSearch@@@boost@@PAV23@00@Z 00403f40 f i AlphaBeta.obj
 0001:00002f70       ??$_Unchecked_move_backward@PAV?$shared_ptr@VPlayer@MicroSearch@@@boost@@PAV12@@stdext@@YAPAV?$shared_ptr@VPlayer@MicroSearch@@@boost@@PAV12@00@Z 00403f70 f i AlphaBeta.obj
 0001:00002fb0       ??0bad_alloc@std@@QAE@ABV01@@Z 00403fb0 f i AlphaBeta.obj
 0001:00002fd0       ??$sp_pointer_construct@VTranspositionTable@MicroSearch@@V12@@detail@boost@@YAXPAV?$shared_ptr@VTranspositionTable@MicroSearch@@@1@PAVTranspositionTable@MicroSearch@@AAVshared_count@01@@Z 00403fd0 f i AlphaBeta.obj
 0001:00003030       ??$sp_pointer_construct@VPlayer@MicroSearch@@VPlayer_NOK_AttackDPS@2@@detail@boost@@YAXPAV?$shared_ptr@VPlayer@MicroSearch@@@1@PAVPlayer_NOK_AttackDPS@MicroSearch@@AAVshared_count@01@@Z 00404030 f i AlphaBeta.obj
 0001:00003090       ??$_Uninit_fill_n@PAV?$shared_ptr@VPlayer@MicroSearch@@@boost@@IV12@V?$allocator@V?$shared_ptr@VPlayer@MicroSearch@@@boost@@@std@@@std@@YAXPAV?$shared_ptr@VPlayer@MicroSearch@@@boost@@IABV12@AAV?$allocator@V?$shared_ptr@VPlayer@MicroSearch@@@boost@@@0@U_Nonscalar_ptr_iterator_tag@0@U_Range_checked_iterator_tag@0@@Z 00404090 f i AlphaBeta.obj
 0001:000030c0       ??$_Destroy_range@V?$allocator@V?$Array@VMove@MicroSearch@@$0N@@@@std@@@std@@YAXPAV?$Array@VMove@MicroSearch@@$0N@@@0AAV?$allocator@V?$Array@VMove@MicroSearch@@$0N@@@@0@U_Nonscalar_ptr_iterator_tag@0@@Z 004040c0 f i AlphaBeta.obj
 0001:00003110       ??$_Destroy_range@V?$allocator@V?$Array@VUnit@MicroSearch@@$07@@@std@@@std@@YAXPAV?$Array@VUnit@MicroSearch@@$07@@0AAV?$allocator@V?$Array@VUnit@MicroSearch@@$07@@@0@U_Nonscalar_ptr_iterator_tag@0@@Z 00404110 f i AlphaBeta.obj
 0001:00003160       ??$_Destroy_range@V?$allocator@V?$Array@PAVUnit@MicroSearch@@$07@@@std@@@std@@YAXPAV?$Array@PAVUnit@MicroSearch@@$07@@0AAV?$allocator@V?$Array@PAVUnit@MicroSearch@@$07@@@0@U_Nonscalar_ptr_iterator_tag@0@@Z 00404160 f i AlphaBeta.obj
 0001:000031b0       ??$_Destroy_range@V?$allocator@V?$Array@_K$09@@@std@@@std@@YAXPAV?$Array@_K$09@@0AAV?$allocator@V?$Array@_K$09@@@0@U_Nonscalar_ptr_iterator_tag@0@@Z 004041b0 f i AlphaBeta.obj
 0001:00003200       ??$_Destroy_range@V?$allocator@V?$shared_ptr@VPlayer@MicroSearch@@@boost@@@std@@@std@@YAXPAV?$shared_ptr@VPlayer@MicroSearch@@@boost@@0AAV?$allocator@V?$shared_ptr@VPlayer@MicroSearch@@@boost@@@0@U_Nonscalar_ptr_iterator_tag@0@@Z 00404200 f i AlphaBeta.obj
 0001:00003250       ??$_Fill@PAV?$shared_ptr@VPlayer@MicroSearch@@@boost@@V12@@std@@YAXPAV?$shared_ptr@VPlayer@MicroSearch@@@boost@@0ABV12@@Z 00404250 f i AlphaBeta.obj
 0001:000032d0       ?destroy@?$allocator@V?$Array@VMove@MicroSearch@@$0N@@@@std@@QAEXPAV?$Array@VMove@MicroSearch@@$0N@@@@Z 004042d0 f i AlphaBeta.obj
 0001:00003300       ??4?$shared_ptr@VPlayer@MicroSearch@@@boost@@QAEAAV01@ABV01@@Z 00404300 f i AlphaBeta.obj
 0001:00003300       ??4?$shared_ptr@VTranspositionTable@MicroSearch@@@boost@@QAEAAV01@ABV01@@Z 00404300 f i Player.obj
 0001:00003360       ?destroy@?$allocator@V?$Array@VUnit@MicroSearch@@$07@@@std@@QAEXPAV?$Array@VUnit@MicroSearch@@$07@@@Z 00404360 f i AlphaBeta.obj
 0001:000033a0       ??$?0VTranspositionTable@MicroSearch@@@shared_count@detail@boost@@QAE@PAVTranspositionTable@MicroSearch@@@Z 004043a0 f i AlphaBeta.obj
 0001:00003430       ??$?0VPlayer_NOK_AttackDPS@MicroSearch@@@shared_count@detail@boost@@QAE@PAVPlayer_NOK_AttackDPS@MicroSearch@@@Z 00404430 f i AlphaBeta.obj
 0001:000034c0       ?dispose@?$sp_counted_impl_p@VTranspositionTable@MicroSearch@@@detail@boost@@UAEXXZ 004044c0 f i AlphaBeta.obj
 0001:00003500       ?get_untyped_deleter@?$sp_counted_impl_p@VPlayer_NOK_AttackDPS@MicroSearch@@@detail@boost@@UAEPAXXZ 00404500 f i AlphaBeta.obj
 0001:00003500       ?get_untyped_deleter@?$sp_counted_impl_p@VPlayer_AlphaBeta@MicroSearch@@@detail@boost@@UAEPAXXZ 00404500 f i test.obj
 0001:00003500       ?get_untyped_deleter@?$sp_counted_impl_p@VTranspositionTable@MicroSearch@@@detail@boost@@UAEPAXXZ 00404500 f i AlphaBeta.obj
 0001:00003500       ?get_untyped_deleter@?$sp_counted_impl_p@VPlayer_KiterDPS@MicroSearch@@@detail@boost@@UAEPAXXZ 00404500 f i test.obj
 0001:00003500       ?get_untyped_deleter@?$sp_counted_impl_p@VPlayer_AttackClosest@MicroSearch@@@detail@boost@@UAEPAXXZ 00404500 f i test.obj
 0001:00003500       ?get_untyped_deleter@?$sp_counted_impl_p@VPlayer_Random@MicroSearch@@@detail@boost@@UAEPAXXZ 00404500 f i test.obj
 0001:00003500       ?get_untyped_deleter@?$sp_counted_impl_p@VPlayer_Kiter@MicroSearch@@@detail@boost@@UAEPAXXZ 00404500 f i test.obj
 0001:00003500       ?get_untyped_deleter@?$sp_counted_impl_p@VPlayer_AttackDPS@MicroSearch@@@detail@boost@@UAEPAXXZ 00404500 f i test.obj
 0001:00003500       ?get_untyped_deleter@?$sp_counted_impl_p@VPlayer_AttackWeakest@MicroSearch@@@detail@boost@@UAEPAXXZ 00404500 f i test.obj
 0001:00003500       ?get_untyped_deleter@?$sp_counted_impl_p@VPlayer@MicroSearch@@@detail@boost@@UAEPAXXZ 00404500 f i GameState.obj
 0001:00003510       ??_Esp_counted_base@detail@boost@@UAEPAXI@Z 00404510 f i  CIL library: CIL module
 0001:00003510       ??_E?$sp_counted_impl_p@VPlayer_AttackClosest@MicroSearch@@@detail@boost@@UAEPAXI@Z 00404510 f i  CIL library: CIL module
 0001:00003510       ??_G?$sp_counted_impl_p@VPlayer_AttackClosest@MicroSearch@@@detail@boost@@UAEPAXI@Z 00404510 f i test.obj
 0001:00003510       ??_Gsp_counted_base@detail@boost@@UAEPAXI@Z 00404510 f i AlphaBeta.obj
 0001:00003510       ??_E?$sp_counted_impl_p@VPlayer_Kiter@MicroSearch@@@detail@boost@@UAEPAXI@Z 00404510 f i  CIL library: CIL module
 0001:00003510       ??_E?$sp_counted_impl_p@VPlayer@MicroSearch@@@detail@boost@@UAEPAXI@Z 00404510 f i  CIL library: CIL module
 0001:00003510       ??_E?$sp_counted_impl_p@VTranspositionTable@MicroSearch@@@detail@boost@@UAEPAXI@Z 00404510 f i  CIL library: CIL module
 0001:00003510       ??_G?$sp_counted_impl_p@VPlayer_AlphaBeta@MicroSearch@@@detail@boost@@UAEPAXI@Z 00404510 f i test.obj
 0001:00003510       ??_E?$sp_counted_impl_p@VPlayer_AlphaBeta@MicroSearch@@@detail@boost@@UAEPAXI@Z 00404510 f i  CIL library: CIL module
 0001:00003510       ??_G?$sp_counted_impl_p@VPlayer_KiterDPS@MicroSearch@@@detail@boost@@UAEPAXI@Z 00404510 f i test.obj
 0001:00003510       ??_E?$sp_counted_impl_p@VPlayer_Random@MicroSearch@@@detail@boost@@UAEPAXI@Z 00404510 f i  CIL library: CIL module
 0001:00003510       ??_G?$sp_counted_impl_p@VTranspositionTable@MicroSearch@@@detail@boost@@UAEPAXI@Z 00404510 f i AlphaBeta.obj
 0001:00003510       ??_G?$sp_counted_impl_p@VPlayer@MicroSearch@@@detail@boost@@UAEPAXI@Z 00404510 f i GameState.obj
 0001:00003510       ??_G?$sp_counted_impl_p@VPlayer_AttackWeakest@MicroSearch@@@detail@boost@@UAEPAXI@Z 00404510 f i test.obj
 0001:00003510       ??_G?$sp_counted_impl_p@VPlayer_NOK_AttackDPS@MicroSearch@@@detail@boost@@UAEPAXI@Z 00404510 f i AlphaBeta.obj
 0001:00003510       ??_G?$sp_counted_impl_p@VPlayer_AttackDPS@MicroSearch@@@detail@boost@@UAEPAXI@Z 00404510 f i test.obj
 0001:00003510       ??_E?$sp_counted_impl_p@VPlayer_KiterDPS@MicroSearch@@@detail@boost@@UAEPAXI@Z 00404510 f i  CIL library: CIL module
 0001:00003510       ??_G?$sp_counted_impl_p@VPlayer_Random@MicroSearch@@@detail@boost@@UAEPAXI@Z 00404510 f i test.obj
 0001:00003510       ??_E?$sp_counted_impl_p@VPlayer_NOK_AttackDPS@MicroSearch@@@detail@boost@@UAEPAXI@Z 00404510 f i  CIL library: CIL module
 0001:00003510       ??_E?$sp_counted_impl_p@VPlayer_AttackWeakest@MicroSearch@@@detail@boost@@UAEPAXI@Z 00404510 f i  CIL library: CIL module
 0001:00003510       ??_E?$sp_counted_impl_p@VPlayer_AttackDPS@MicroSearch@@@detail@boost@@UAEPAXI@Z 00404510 f i  CIL library: CIL module
 0001:00003510       ??_G?$sp_counted_impl_p@VPlayer_Kiter@MicroSearch@@@detail@boost@@UAEPAXI@Z 00404510 f i test.obj
 0001:00003530       ??$checked_delete@VTranspositionTable@MicroSearch@@@boost@@YAXPAVTranspositionTable@MicroSearch@@@Z 00404530 f i AlphaBeta.obj
 0001:00003570       ??$_Copy_backward_opt@PAV?$shared_ptr@VPlayer@MicroSearch@@@boost@@PAV12@Uforward_iterator_tag@std@@@std@@YAPAV?$shared_ptr@VPlayer@MicroSearch@@@boost@@PAV12@00Uforward_iterator_tag@0@U_Nonscalar_ptr_iterator_tag@0@U_Range_checked_iterator_tag@0@@Z 00404570 f i AlphaBeta.obj
 0001:000035f0       ?_Tidy@?$vector@VUnit@MicroSearch@@V?$allocator@VUnit@MicroSearch@@@std@@@std@@IAEXXZ 004045f0 f i AlphaBeta.obj
 0001:000035f0       ?_Tidy@?$vector@VMove@MicroSearch@@V?$allocator@VMove@MicroSearch@@@std@@@std@@IAEXXZ 004045f0 f i AlphaBeta.obj
 0001:000035f0       ?_Tidy@?$vector@U?$pair@HH@std@@V?$allocator@U?$pair@HH@std@@@2@@std@@IAEXXZ 004045f0 f i Common.obj
 0001:000035f0       ?_Tidy@?$vector@VTTEntry@MicroSearch@@V?$allocator@VTTEntry@MicroSearch@@@std@@@std@@IAEXXZ 004045f0 f i AlphaBeta.obj
 0001:00003620       ??$_Uninit_copy@PAV?$shared_ptr@VPlayer@MicroSearch@@@boost@@PAV12@V?$allocator@V?$shared_ptr@VPlayer@MicroSearch@@@boost@@@std@@@std@@YAPAV?$shared_ptr@VPlayer@MicroSearch@@@boost@@PAV12@00AAV?$allocator@V?$shared_ptr@VPlayer@MicroSearch@@@boost@@@0@U_Nonscalar_ptr_iterator_tag@0@U_Range_checked_iterator_tag@0@@Z 00404620 f i AlphaBeta.obj
 0001:00003650       ?init@StarcraftData@Search@@YAXXZ 00404650 f   Common.obj
 0001:00004150       ?push_back@?$vector@V?$basic_string@DU?$char_traits@D@std@@V?$allocator@D@2@@std@@V?$allocator@V?$basic_string@DU?$char_traits@D@std@@V?$allocator@D@2@@std@@@2@@std@@QAEXABV?$basic_string@DU?$char_traits@D@std@@V?$allocator@D@2@@2@@Z 00405150 f i Common.obj
 0001:000041f0       ??0?$vector@U?$pair@HH@std@@V?$allocator@U?$pair@HH@std@@@2@@std@@QAE@XZ 004051f0 f i Common.obj
 0001:00004260       ??0?$vector@U?$pair@HH@std@@V?$allocator@U?$pair@HH@std@@@2@@std@@QAE@IABU?$pair@HH@1@@Z 00405260 f i Common.obj
 0001:000042d0       ??1?$vector@HV?$allocator@H@std@@@std@@QAE@XZ 004052d0 f i AlphaBeta.obj
 0001:000042d0       ??1?$vector@U?$pair@HH@std@@V?$allocator@U?$pair@HH@std@@@2@@std@@QAE@XZ 004052d0 f i Common.obj
 0001:000042d0       ??1?$vector@IV?$allocator@I@std@@@std@@QAE@XZ 004052d0 f i AlphaBeta.obj
 0001:000042d0       ??1?$vector@_KV?$allocator@_K@std@@@std@@QAE@XZ 004052d0 f i AlphaBeta.obj
 0001:00004300       ??4?$vector@U?$pair@HH@std@@V?$allocator@U?$pair@HH@std@@@2@@std@@QAEAAV01@ABV01@@Z 00405300 f i Common.obj
 0001:00004410       ?insert@?$vector@V?$basic_string@DU?$char_traits@D@std@@V?$allocator@D@2@@std@@V?$allocator@V?$basic_string@DU?$char_traits@D@std@@V?$allocator@D@2@@std@@@2@@std@@QAE?AV?$_Vector_iterator@V?$basic_string@DU?$char_traits@D@std@@V?$allocator@D@2@@std@@V?$allocator@V?$basic_string@DU?$char_traits@D@std@@V?$allocator@D@2@@std@@@2@@2@V?$_Vector_const_iterator@V?$basic_string@DU?$char_traits@D@std@@V?$allocator@D@2@@std@@V?$allocator@V?$basic_string@DU?$char_traits@D@std@@V?$allocator@D@2@@std@@@2@@2@ABV?$basic_string@DU?$char_traits@D@std@@V?$allocator@D@2@@2@@Z 00405410 f i Common.obj
 0001:000044f0       ?_Tidy@?$vector@V?$basic_string@DU?$char_traits@D@std@@V?$allocator@D@2@@std@@V?$allocator@V?$basic_string@DU?$char_traits@D@std@@V?$allocator@D@2@@std@@@2@@std@@IAEXXZ 004054f0 f i Common.obj
 0001:00004540       ?_Ufill@?$vector@V?$basic_string@DU?$char_traits@D@std@@V?$allocator@D@2@@std@@V?$allocator@V?$basic_string@DU?$char_traits@D@std@@V?$allocator@D@2@@std@@@2@@std@@IAEPAV?$basic_string@DU?$char_traits@D@std@@V?$allocator@D@2@@2@PAV32@IABV32@@Z 00405540 f i Common.obj
 0001:00004570       ?_Construct_n@?$vector@U?$pair@HH@std@@V?$allocator@U?$pair@HH@std@@@2@@std@@QAEXIABU?$pair@HH@2@@Z 00405570 f i Common.obj
 0001:00004620       ?clear@?$vector@U?$pair@HH@std@@V?$allocator@U?$pair@HH@std@@@2@@std@@QAEXXZ 00405620 f i Common.obj
 0001:00004680       ?_Destroy@?$vector@V?$basic_string@DU?$char_traits@D@std@@V?$allocator@D@2@@std@@V?$allocator@V?$basic_string@DU?$char_traits@D@std@@V?$allocator@D@2@@std@@@2@@std@@IAEXPAV?$basic_string@DU?$char_traits@D@std@@V?$allocator@D@2@@2@0@Z 00405680 f i Common.obj
 0001:000046a0       ?_Insert_n@?$vector@V?$basic_string@DU?$char_traits@D@std@@V?$allocator@D@2@@std@@V?$allocator@V?$basic_string@DU?$char_traits@D@std@@V?$allocator@D@2@@std@@@2@@std@@IAEXV?$_Vector_const_iterator@V?$basic_string@DU?$char_traits@D@std@@V?$allocator@D@2@@std@@V?$allocator@V?$basic_string@DU?$char_traits@D@std@@V?$allocator@D@2@@std@@@2@@2@IABV?$basic_string@DU?$char_traits@D@std@@V?$allocator@D@2@@2@@Z 004056a0 f i Common.obj
 0001:00004a30       ?erase@?$vector@U?$pair@HH@std@@V?$allocator@U?$pair@HH@std@@@2@@std@@QAE?AV?$_Vector_iterator@U?$pair@HH@std@@V?$allocator@U?$pair@HH@std@@@2@@2@V?$_Vector_const_iterator@U?$pair@HH@std@@V?$allocator@U?$pair@HH@std@@@2@@2@0@Z 00405a30 f i Common.obj
 0001:00004ae0       ??$unchecked_copy@PAU?$pair@HH@std@@PAU12@@stdext@@YAPAU?$pair@HH@std@@PAU12@00@Z 00405ae0 f i Common.obj
 0001:00004b10       ??$_Ucopy@PAU?$pair@HH@std@@@?$vector@U?$pair@HH@std@@V?$allocator@U?$pair@HH@std@@@2@@std@@IAEPAU?$pair@HH@1@PAU21@00@Z 00405b10 f i Common.obj
 0001:00004b40       ??$_Umove@PAV?$basic_string@DU?$char_traits@D@std@@V?$allocator@D@2@@std@@@?$vector@V?$basic_string@DU?$char_traits@D@std@@V?$allocator@D@2@@std@@V?$allocator@V?$basic_string@DU?$char_traits@D@std@@V?$allocator@D@2@@std@@@2@@std@@IAEPAV?$basic_string@DU?$char_traits@D@std@@V?$allocator@D@2@@1@PAV21@00@Z 00405b40 f i Common.obj
 0001:00004b70       ??$_Allocate@V?$basic_string@DU?$char_traits@D@std@@V?$allocator@D@2@@std@@@std@@YAPAV?$basic_string@DU?$char_traits@D@std@@V?$allocator@D@2@@0@IPAV10@@Z 00405b70 f i Common.obj
 0001:00004bd0       ??$_Uninit_fill_n@PAV?$basic_string@DU?$char_traits@D@std@@V?$allocator@D@2@@std@@IV12@V?$allocator@V?$basic_string@DU?$char_traits@D@std@@V?$allocator@D@2@@std@@@2@@std@@YAXPAV?$basic_string@DU?$char_traits@D@std@@V?$allocator@D@2@@0@IABV10@AAV?$allocator@V?$basic_string@DU?$char_traits@D@std@@V?$allocator@D@2@@std@@@0@U_Nonscalar_ptr_iterator_tag@0@U_Range_checked_iterator_tag@0@@Z 00405bd0 f i Common.obj
 0001:00004c70       ??$_Move_backward_opt@PAV?$basic_string@DU?$char_traits@D@std@@V?$allocator@D@2@@std@@PAV12@@std@@YAPAV?$basic_string@DU?$char_traits@D@std@@V?$allocator@D@2@@0@PAV10@00Urandom_access_iterator_tag@0@U_Swap_move_tag@0@U_Range_checked_iterator_tag@0@@Z 00405c70 f i Common.obj
 0001:00004cc0       ??$_Uninit_fill_n@PAU?$pair@HH@std@@IU12@V?$allocator@U?$pair@HH@std@@@2@@std@@YAXPAU?$pair@HH@0@IABU10@AAV?$allocator@U?$pair@HH@std@@@0@U_Nonscalar_ptr_iterator_tag@0@U_Range_checked_iterator_tag@0@@Z 00405cc0 f i Common.obj
 0001:00004ce0       ??$_Uninit_copy@PAU?$pair@HH@std@@PAU12@V?$allocator@U?$pair@HH@std@@@2@@std@@YAPAU?$pair@HH@0@PAU10@00AAV?$allocator@U?$pair@HH@std@@@0@U_Nonscalar_ptr_iterator_tag@0@U_Range_checked_iterator_tag@0@@Z 00405ce0 f i Common.obj
 0001:00004d00       ??$_Uninit_move@PAV?$basic_string@DU?$char_traits@D@std@@V?$allocator@D@2@@std@@PAV12@V?$allocator@V?$basic_string@DU?$char_traits@D@std@@V?$allocator@D@2@@std@@@2@@std@@YAPAV?$basic_string@DU?$char_traits@D@std@@V?$allocator@D@2@@0@PAV10@00AAV?$allocator@V?$basic_string@DU?$char_traits@D@std@@V?$allocator@D@2@@std@@@0@U_Swap_move_tag@0@U_Range_checked_iterator_tag@0@@Z 00405d00 f i Common.obj
 0001:00004de0       ?resize@MoveArray@MicroSearch@@QAEXABI@Z 00405de0 f i Game.obj
 0001:00004e40       ?validateMoves@MoveArray@MicroSearch@@QAE_NXZ 00405e40 f i Game.obj
 0001:00004f20       ??0Game@MicroSearch@@QAE@ABVGameState@1@AAV?$shared_ptr@VPlayer@MicroSearch@@@boost@@1ABI@Z 00405f20 f   Game.obj
 0001:000050d0       ?play@Game@MicroSearch@@QAEX_N@Z 004060d0 f   Game.obj
 0001:000055d0       ?makeMoves@Game@MicroSearch@@QAEXAB_KAAVMoveArray@2@@Z 004065d0 f   Game.obj
 0001:00005630       ?resize@?$Array2D@VMove@MicroSearch@@$07$0N@@@QAEXABI0@Z 00406630 f i Game.obj
 0001:00005700       ??0?$vector@VMove@MicroSearch@@V?$allocator@VMove@MicroSearch@@@std@@@std@@QAE@I@Z 00406700 f i Game.obj
 0001:00005780       ??4?$vector@VMove@MicroSearch@@V?$allocator@VMove@MicroSearch@@@std@@@std@@QAEAAV01@ABV01@@Z 00406780 f i Game.obj
 0001:00005880       ?clear@?$vector@VMove@MicroSearch@@V?$allocator@VMove@MicroSearch@@@std@@@std@@QAEXXZ 00406880 f i Game.obj
 0001:000058c0       ?resize@?$Array@I$07@@QAEXABI@Z 004068c0 f i Game.obj
 0001:00005950       ??4?$vector@PAVUnit@MicroSearch@@V?$allocator@PAVUnit@MicroSearch@@@std@@@std@@QAEAAV01@ABV01@@Z 00406950 f i GameState.obj
 0001:00005950       ??4?$vector@IV?$allocator@I@std@@@std@@QAEAAV01@ABV01@@Z 00406950 f i Game.obj
 0001:00005a50       ?resize@?$Array@_K$07@@QAEXABI@Z 00406a50 f i Game.obj
 0001:00005ae0       ??4?$vector@_KV?$allocator@_K@std@@@std@@QAEAAV01@ABV01@@Z 00406ae0 f i Game.obj
 0001:00005be0       ??0?$shared_ptr@VPlayer@MicroSearch@@@boost@@QAE@XZ 00406be0 f i Game.obj
 0001:00005bf0       ?resize@?$Array@V?$Array@VMove@MicroSearch@@$0N@@@$07@@QAEXABI@Z 00406bf0 f i Game.obj
 0001:00005ca0       ?resize@?$Array@VMove@MicroSearch@@$0N@@@QAEXABI@Z 00406ca0 f i Game.obj
 0001:00005d30       ?_Construct_n@?$vector@VMove@MicroSearch@@V?$allocator@VMove@MicroSearch@@@std@@@std@@QAEXIABVMove@MicroSearch@@@Z 00406d30 f i Game.obj
 0001:00005de0       ?erase@?$vector@VMove@MicroSearch@@V?$allocator@VMove@MicroSearch@@@std@@@std@@QAE?AV?$_Vector_iterator@VMove@MicroSearch@@V?$allocator@VMove@MicroSearch@@@std@@@2@V?$_Vector_const_iterator@VMove@MicroSearch@@V?$allocator@VMove@MicroSearch@@@std@@@2@0@Z 00406de0 f i Game.obj
 0001:00005e70       ??0?$vector@IV?$allocator@I@std@@@std@@QAE@I@Z 00406e70 f i Game.obj
 0001:00005ee0       ??0?$vector@_KV?$allocator@_K@std@@@std@@QAE@I@Z 00406ee0 f i Game.obj
 0001:00005f50       ?clear@?$vector@_KV?$allocator@_K@std@@@std@@QAEXXZ 00406f50 f i Game.obj
 0001:00005f90       ?get@?$Array@V?$Array@VMove@MicroSearch@@$0N@@@$07@@QAEAAV?$Array@VMove@MicroSearch@@$0N@@@ABI@Z 00406f90 f i Game.obj
 0001:00005f90       ?get@?$Array@V?$Array@VMove@MicroSearch@@$0N@@@$07@@QBEABV?$Array@VMove@MicroSearch@@$0N@@@ABI@Z 00406f90 f i AlphaBeta.obj
 0001:00006000       ??0?$vector@V?$Array@VMove@MicroSearch@@$0N@@@V?$allocator@V?$Array@VMove@MicroSearch@@$0N@@@@std@@@std@@QAE@I@Z 00407000 f i Game.obj
 0001:000060a0       ??4?$vector@V?$Array@VMove@MicroSearch@@$0N@@@V?$allocator@V?$Array@VMove@MicroSearch@@$0N@@@@std@@@std@@QAEAAV01@ABV01@@Z 004070a0 f i Game.obj
 0001:00006200       ?_Construct_n@?$vector@IV?$allocator@I@std@@@std@@QAEXIABI@Z 00407200 f i Game.obj
 0001:00006250       ?_Construct_n@?$vector@_KV?$allocator@_K@std@@@std@@QAEXIAB_K@Z 00407250 f i Game.obj
 0001:000062b0       ?erase@?$vector@_KV?$allocator@_K@std@@@std@@QAE?AV?$_Vector_iterator@_KV?$allocator@_K@std@@@2@V?$_Vector_const_iterator@_KV?$allocator@_K@std@@@2@0@Z 004072b0 f i Game.obj
 0001:00006340       ?_Construct_n@?$vector@V?$Array@VMove@MicroSearch@@$0N@@@V?$allocator@V?$Array@VMove@MicroSearch@@$0N@@@@std@@@std@@QAEXIABV?$Array@VMove@MicroSearch@@$0N@@@@Z 00407340 f i Game.obj
 0001:00006400       ?clear@?$vector@V?$Array@VMove@MicroSearch@@$0N@@@V?$allocator@V?$Array@VMove@MicroSearch@@$0N@@@@std@@@std@@QAEXXZ 00407400 f i Game.obj
 0001:00006440       ?erase@?$vector@V?$Array@VMove@MicroSearch@@$0N@@@V?$allocator@V?$Array@VMove@MicroSearch@@$0N@@@@std@@@std@@QAE?AV?$_Vector_iterator@V?$Array@VMove@MicroSearch@@$0N@@@V?$allocator@V?$Array@VMove@MicroSearch@@$0N@@@@std@@@2@V?$_Vector_const_iterator@V?$Array@VMove@MicroSearch@@$0N@@@V?$allocator@V?$Array@VMove@MicroSearch@@$0N@@@@std@@@2@0@Z 00407440 f i Game.obj
 0001:00006520       ??$unchecked_copy@PAVMove@MicroSearch@@PAV12@@stdext@@YAPAVMove@MicroSearch@@PAV12@00@Z 00407520 f i Game.obj
 0001:00006550       ??$unchecked_copy@PA_KPA_K@stdext@@YAPA_KPA_K00@Z 00407550 f i Game.obj
 0001:00006580       ??$_Ucopy@PA_K@?$vector@_KV?$allocator@_K@std@@@std@@IAEPA_KPA_K00@Z 00407580 f i Game.obj
 0001:000065b0       ??$unchecked_copy@PAV?$Array@VMove@MicroSearch@@$0N@@@PAV1@@stdext@@YAPAV?$Array@VMove@MicroSearch@@$0N@@@PAV1@00@Z 004075b0 f i Game.obj
 0001:00006600       ??$_Ucopy@PAV?$Array@VMove@MicroSearch@@$0N@@@@?$vector@V?$Array@VMove@MicroSearch@@$0N@@@V?$allocator@V?$Array@VMove@MicroSearch@@$0N@@@@std@@@std@@IAEPAV?$Array@VMove@MicroSearch@@$0N@@@PAV2@00@Z 00407600 f i Game.obj
 0001:00006630       ??$_Uninit_fill_n@PAVMove@MicroSearch@@IV12@V?$allocator@VMove@MicroSearch@@@std@@@std@@YAXPAVMove@MicroSearch@@IABV12@AAV?$allocator@VMove@MicroSearch@@@0@U_Nonscalar_ptr_iterator_tag@0@U_Range_checked_iterator_tag@0@@Z 00407630 f i Game.obj
 0001:00006650       ??$_Uninit_fill_n@PAV?$Array@VMove@MicroSearch@@$0N@@@IV1@V?$allocator@V?$Array@VMove@MicroSearch@@$0N@@@@std@@@std@@YAXPAV?$Array@VMove@MicroSearch@@$0N@@@IABV1@AAV?$allocator@V?$Array@VMove@MicroSearch@@$0N@@@@0@U_Nonscalar_ptr_iterator_tag@0@U_Range_checked_iterator_tag@0@@Z 00407650 f i Game.obj
 0001:000066e0       ??$_Copy_opt@PAV?$Array@VMove@MicroSearch@@$0N@@@PAV1@Uforward_iterator_tag@std@@@std@@YAPAV?$Array@VMove@MicroSearch@@$0N@@@PAV1@00Uforward_iterator_tag@0@U_Nonscalar_ptr_iterator_tag@0@U_Range_checked_iterator_tag@0@@Z 004076e0 f i Game.obj
 0001:00006730       ??$_Uninit_copy@PAV?$Array@VMove@MicroSearch@@$0N@@@PAV1@V?$allocator@V?$Array@VMove@MicroSearch@@$0N@@@@std@@@std@@YAPAV?$Array@VMove@MicroSearch@@$0N@@@PAV1@00AAV?$allocator@V?$Array@VMove@MicroSearch@@$0N@@@@0@U_Nonscalar_ptr_iterator_tag@0@U_Range_checked_iterator_tag@0@@Z 00407730 f i Game.obj
 0001:000067c0       ??$_Construct@V?$Array@VMove@MicroSearch@@$0N@@@V1@@std@@YAXPAV?$Array@VMove@MicroSearch@@$0N@@@ABV1@@Z 004077c0 f i Game.obj
 0001:00006840       ??0?$vector@VMove@MicroSearch@@V?$allocator@VMove@MicroSearch@@@std@@@std@@QAE@ABV01@@Z 00407840 f i Game.obj
 0001:00006930       ??$_Uninit_copy@PBVMove@MicroSearch@@PAV12@V?$allocator@VMove@MicroSearch@@@std@@@std@@YAPAVMove@MicroSearch@@PBV12@0PAV12@AAV?$allocator@VMove@MicroSearch@@@0@U_Nonscalar_ptr_iterator_tag@0@U_Range_checked_iterator_tag@0@@Z 00407930 f i Game.obj
 0001:00006930       ??$_Uninit_copy@PAVMove@MicroSearch@@PAV12@V?$allocator@VMove@MicroSearch@@@std@@@std@@YAPAVMove@MicroSearch@@PAV12@00AAV?$allocator@VMove@MicroSearch@@@0@U_Nonscalar_ptr_iterator_tag@0@U_Range_checked_iterator_tag@0@@Z 00407930 f i Game.obj
 0001:00006950       ?moveString@Move@MicroSearch@@QBE?BV?$basic_string@DU?$char_traits@D@std@@V?$allocator@D@2@@std@@XZ 00407950 f i GameState.obj
 0001:000069e0       ??0Unit@MicroSearch@@QAE@VUnitType@BWAPI@@ABE1ABVPosition@1@@Z 004079e0 f i GameState.obj
 0001:00006a70       ??MUnit@MicroSearch@@QBE?B_NABV01@@Z 00407a70 f i GameState.obj
 0001:00006b00       ?canAttackTarget@Unit@MicroSearch@@QBE?B_NABV12@ABH@Z 00407b00 f i GameState.obj
 0001:00006bd0       ?canHealTarget@Unit@MicroSearch@@QBE?B_NABV12@ABH@Z 00407bd0 f i GameState.obj
 0001:00006c60       ?takeAttack@Unit@MicroSearch@@QAEXABV12@@Z 00407c60 f i GameState.obj
 0001:00006d00       ?takeHeal@Unit@MicroSearch@@QAEXABV12@@Z 00407d00 f i GameState.obj
 0001:00006d70       ?attack@Unit@MicroSearch@@QAEXABVMove@2@ABV12@ABH@Z 00407d70 f i GameState.obj
 0001:00006e10       ?heal@Unit@MicroSearch@@QAEXABVMove@2@ABV12@ABH@Z 00407e10 f i GameState.obj
 0001:00006e50       ?move@Unit@MicroSearch@@QAEXABVMove@2@ABH@Z 00407e50 f i GameState.obj
 0001:00006f30       ?moveUntilAttack@Unit@MicroSearch@@QAEXABVPosition@2@ABH@Z 00407f30 f i GameState.obj
 0001:00006f80       ?currentPosition@Unit@MicroSearch@@QBE?BVPosition@2@ABH@Z 00407f80 f i GameState.obj
 0001:00007030       ?calculateHash@Unit@MicroSearch@@QBE?BIABIABH@Z 00408030 f i GameState.obj
 0001:000071b0       ?dpf@Unit@MicroSearch@@QBE?BMXZ 004081b0 f i GameState.obj
 0001:00007250       ?distSq@Unit@MicroSearch@@QBE?BHABV12@ABH@Z 00408250 f i GameState.obj
 0001:000072a0       ?add@MoveArray@MicroSearch@@QAEXABVMove@2@@Z 004082a0 f i GameState.obj
 0001:00007340       ?calculateNumMoveTuples@MoveArray@MicroSearch@@QAEXXZ 00408340 f i GameState.obj
 0001:00007540       ??0GameState@MicroSearch@@QAE@XZ 00408540 f   GameState.obj
 0001:00007a20       ??0GameState@MicroSearch@@QAE@ABV01@@Z 00408a20 f   GameState.obj
 0001:00008070       ??4GameState@MicroSearch@@QAEAAV01@ABV01@@Z 00409070 f   GameState.obj
 0001:00008570       ?getIndexOfUnitPtr@GameState@MicroSearch@@QBE?BIABI0@Z 00409570 f   GameState.obj
 0001:00008610       ?calculateHash@GameState@MicroSearch@@QBE?BIABI@Z 00409610 f   GameState.obj
 0001:000087c0       ?generateMoves@GameState@MicroSearch@@QBEXAAVMoveArray@2@ABE@Z 004097c0 f   GameState.obj
 0001:00008fa0       ?makeMove@GameState@MicroSearch@@QAEXABVMove@2@AAV12@@Z 00409fa0 f   GameState.obj
 0001:00009180       ?getClosestOurUnit@GameState@MicroSearch@@QAEABVUnit@2@ABE0@Z 0040a180 f   GameState.obj
 0001:00009450       ?getClosestEnemyUnit@GameState@MicroSearch@@QAEABVUnit@2@ABE0@Z 0040a450 f   GameState.obj
 0001:000096f0       ?addUnitSymmetric@GameState@MicroSearch@@QAEXABIVUnitType@BWAPI@@ABEABVPosition@2@@Z 0040a6f0 f   GameState.obj
 0001:00009e70       ?sortUnits@GameState@MicroSearch@@QAEXXZ 0040ae70 f   GameState.obj
 0001:0000a1a0       ?getUnit@GameState@MicroSearch@@QAEAAVUnit@2@ABE0@Z 0040b1a0 f   GameState.obj
 0001:0000a1e0       ?playerDead@GameState@MicroSearch@@QBE?B_NABE@Z 0040b1e0 f   GameState.obj
 0001:0000a360       ?whoCanMove@GameState@MicroSearch@@QBE?BEXZ 0040b360 f   GameState.obj
 0001:0000a3f0       ?updateGameTime@GameState@MicroSearch@@QAEXXZ 0040b3f0 f   GameState.obj
 0001:0000a460       ?eval@GameState@MicroSearch@@QBE?BVAlphaBetaScore@2@ABE0E@Z 0040b460 f   GameState.obj
 0001:0000a580       ?evalSumDPS@GameState@MicroSearch@@QBE?BHABE@Z 0040b580 f   GameState.obj
 0001:0000a5c0       ?evalSim@GameState@MicroSearch@@QBE?BVAlphaBetaScore@2@ABE0@Z 0040b5c0 f   GameState.obj
 0001:0000a7b0       ??1Game@MicroSearch@@QAE@XZ 0040b7b0 f i GameState.obj
 0001:0000a850       ?calculateStartingHealth@GameState@MicroSearch@@QAEXXZ 0040b850 f   GameState.obj
 0001:0000ad30       ?sumDPS@GameState@MicroSearch@@QBE?BHABE@Z 0040bd30 f   GameState.obj
 0001:0000aef0       ?sumHP@GameState@MicroSearch@@QBE?BHABE@Z 0040bef0 f   GameState.obj
 0001:0000b090       ?numUnits@GameState@MicroSearch@@QBE?BIABE@Z 0040c090 f   GameState.obj
 0001:0000b100       ?bothCanMove@GameState@MicroSearch@@QBE?B_NXZ 0040c100 f   GameState.obj
 0001:0000b180       ?isDeadlock@GameState@MicroSearch@@QBE?B_NXZ 0040c180 f   GameState.obj
 0001:0000b640       ??A?$Array@VMove@MicroSearch@@$0N@@@QAEAAVMove@MicroSearch@@ABI@Z 0040c640 f i GameState.obj
 0001:0000b6a0       ??A?$Array@_K$07@@QAEAA_KABI@Z 0040c6a0 f i GameState.obj
 0001:0000b700       ??A?$vector@_NV?$allocator@_N@std@@@std@@QBE_NI@Z 0040c700 f i GameState.obj
 0001:0000b790       ??4?$Array2D@VUnit@MicroSearch@@$01$07@@QAEAAV0@ABV0@@Z 0040c790 f i GameState.obj
 0001:0000b8d0       ??0?$vector@VUnit@MicroSearch@@V?$allocator@VUnit@MicroSearch@@@std@@@std@@QAE@ABV01@@Z 0040c8d0 f i GameState.obj
 0001:0000b9d0       ??4?$vector@VUnit@MicroSearch@@V?$allocator@VUnit@MicroSearch@@@std@@@std@@QAEAAV01@ABV01@@Z 0040c9d0 f i GameState.obj
 0001:0000bb20       ??4?$Array2D@PAVUnit@MicroSearch@@$01$07@@QAEAAV0@ABV0@@Z 0040cb20 f i GameState.obj
 0001:0000bbc0       ??A?$Array@PAVUnit@MicroSearch@@$07@@QAEAAPAVUnit@MicroSearch@@ABI@Z 0040cbc0 f i GameState.obj
 0001:0000bbc0       ??A?$Array@I$07@@QAEAAIABI@Z 0040cbc0 f i GameState.obj
 0001:0000bc20       ??A?$Array@PAVUnit@MicroSearch@@$07@@QBEABQAVUnit@MicroSearch@@ABI@Z 0040cc20 f i GameState.obj
 0001:0000bc80       ??0?$Array@VUnit@MicroSearch@@$00@@QAE@XZ 0040cc80 f i GameState.obj
 0001:0000bce0       ??A?$Array@E$01@@QAEAAEABI@Z 0040cce0 f i GameState.obj
 0001:0000bd30       ?fill@?$Array@E$01@@QAEXABE@Z 0040cd30 f i GameState.obj
 0001:0000bd90       ??0?$vector@EV?$allocator@E@std@@@std@@QAE@ABV01@@Z 0040cd90 f i GameState.obj
 0001:0000be60       ??4?$vector@EV?$allocator@E@std@@@std@@QAEAAV01@ABV01@@Z 0040ce60 f i GameState.obj
 0001:0000bf60       ??0?$vector@MV?$allocator@M@std@@@std@@QAE@ABV01@@Z 0040cf60 f i GameState.obj
 0001:0000bf60       ??0?$vector@HV?$allocator@H@std@@@std@@QAE@ABV01@@Z 0040cf60 f i GameState.obj
 0001:0000c040       ??A?$Array@H$01@@QAEAAHABI@Z 0040d040 f i GameState.obj
 0001:0000c0a0       ??A?$Array@H$01@@QBEABHABI@Z 0040d0a0 f i GameState.obj
 0001:0000c100       ?fill@?$Array@H$01@@QAEXABH@Z 0040d100 f i GameState.obj
 0001:0000c180       ??4?$vector@MV?$allocator@M@std@@@std@@QAEAAV01@ABV01@@Z 0040d180 f i GameState.obj
 0001:0000c180       ??4?$vector@HV?$allocator@H@std@@@std@@QAEAAV01@ABV01@@Z 0040d180 f i GameState.obj
 0001:0000c280       ??4?$Array@VUnit@MicroSearch@@$07@@QAEAAV0@ABV0@@Z 0040d280 f i GameState.obj
 0001:0000c330       ??0?$Array@VUnit@MicroSearch@@$07@@QAE@ABV0@@Z 0040d330 f i GameState.obj
 0001:0000c370       ??0?$Array@PAVUnit@MicroSearch@@$07@@QAE@ABV0@@Z 0040d370 f i GameState.obj
 0001:0000c3b0       ?_Getptr@?$_Vb_reference@IHV?$vector@_NV?$allocator@_N@std@@@std@@@std@@QBEPAIXZ 0040d3b0 f i GameState.obj
 0001:0000c410       ??0?$Array@V?$Array@VUnit@MicroSearch@@$07@@$01@@QAE@XZ 0040d410 f i GameState.obj
 0001:0000c490       ?get@?$Array@VUnit@MicroSearch@@$07@@QBEABVUnit@MicroSearch@@ABI@Z 0040d490 f i GameState.obj
 0001:0000c500       ?clear@?$vector@VUnit@MicroSearch@@V?$allocator@VUnit@MicroSearch@@@std@@@std@@QAEXXZ 0040d500 f i GameState.obj
 0001:0000c540       ?_Buy@?$vector@VUnit@MicroSearch@@V?$allocator@VUnit@MicroSearch@@@std@@@std@@IAE_NI@Z 0040d540 f i GameState.obj
 0001:0000c570       ??0?$vector@V?$Array@VUnit@MicroSearch@@$07@@V?$allocator@V?$Array@VUnit@MicroSearch@@$07@@@std@@@std@@QAE@ABV01@@Z 0040d570 f i GameState.obj
 0001:0000c680       ??0?$Array@V?$Array@PAVUnit@MicroSearch@@$07@@$01@@QAE@XZ 0040d680 f i GameState.obj
 0001:0000c700       ??A?$Array@V?$Array@PAVUnit@MicroSearch@@$07@@$01@@QAEAAV?$Array@PAVUnit@MicroSearch@@$07@@ABI@Z 0040d700 f i GameState.obj
 0001:0000c770       ??A?$Array@V?$Array@PAVUnit@MicroSearch@@$07@@$01@@QBEABV?$Array@PAVUnit@MicroSearch@@$07@@ABI@Z 0040d770 f i GameState.obj
 0001:0000c7e0       ??0?$vector@PAVUnit@MicroSearch@@V?$allocator@PAVUnit@MicroSearch@@@std@@@std@@QAE@ABV01@@Z 0040d7e0 f i GameState.obj
 0001:0000c8b0       ??0?$vector@V?$Array@PAVUnit@MicroSearch@@$07@@V?$allocator@V?$Array@PAVUnit@MicroSearch@@$07@@@std@@@std@@QAE@ABV01@@Z 0040d8b0 f i GameState.obj
 0001:0000c9a0       ?clear@?$vector@EV?$allocator@E@std@@@std@@QAEXXZ 0040d9a0 f i GameState.obj
 0001:0000c9e0       ?_Buy@?$vector@EV?$allocator@E@std@@@std@@IAE_NI@Z 0040d9e0 f i GameState.obj
 0001:0000ca10       ?_Buy@?$vector@HV?$allocator@H@std@@@std@@IAE_NI@Z 0040da10 f i GameState.obj
 0001:0000ca10       ?_Buy@?$vector@MV?$allocator@M@std@@@std@@IAE_NI@Z 0040da10 f i GameState.obj
 0001:0000ca40       ?clear@?$vector@IV?$allocator@I@std@@@std@@QAEXXZ 0040da40 f i Game.obj
 0001:0000ca40       ?clear@?$vector@MV?$allocator@M@std@@@std@@QAEXXZ 0040da40 f i GameState.obj
 0001:0000ca40       ?clear@?$vector@HV?$allocator@H@std@@@std@@QAEXXZ 0040da40 f i GameState.obj
 0001:0000ca40       ?clear@?$vector@PAVUnit@MicroSearch@@V?$allocator@PAVUnit@MicroSearch@@@std@@@std@@QAEXXZ 0040da40 f i GameState.obj
 0001:0000ca80       ?get@?$Array@V?$Array@VUnit@MicroSearch@@$07@@$01@@QBEABV?$Array@VUnit@MicroSearch@@$07@@ABI@Z 0040da80 f i GameState.obj
 0001:0000caf0       ??0?$Array@VUnit@MicroSearch@@$07@@QAE@XZ 0040daf0 f i GameState.obj
 0001:0000cdb0       ?erase@?$vector@VUnit@MicroSearch@@V?$allocator@VUnit@MicroSearch@@@std@@@std@@QAE?AV?$_Vector_iterator@VUnit@MicroSearch@@V?$allocator@VUnit@MicroSearch@@@std@@@2@V?$_Vector_const_iterator@VUnit@MicroSearch@@V?$allocator@VUnit@MicroSearch@@@std@@@2@0@Z 0040ddb0 f i GameState.obj
 0001:0000ce20       ?allocate@?$allocator@VUnit@MicroSearch@@@std@@QAEPAVUnit@MicroSearch@@I@Z 0040de20 f i GameState.obj
 0001:0000ce80       ??0?$Array@PAVUnit@MicroSearch@@$07@@QAE@XZ 0040de80 f i GameState.obj
 0001:0000cea0       ?_Buy@?$vector@PAVUnit@MicroSearch@@V?$allocator@PAVUnit@MicroSearch@@@std@@@std@@IAE_NI@Z 0040dea0 f i GameState.obj
 0001:0000cea0       ?_Buy@?$vector@IV?$allocator@I@std@@@std@@IAE_NI@Z 0040dea0 f i AlphaBeta.obj
 0001:0000cea0       ?_Buy@?$vector@VMove@MicroSearch@@V?$allocator@VMove@MicroSearch@@@std@@@std@@IAE_NI@Z 0040dea0 f i AlphaBeta.obj
 0001:0000ced0       ?erase@?$vector@EV?$allocator@E@std@@@std@@QAE?AV?$_Vector_iterator@EV?$allocator@E@std@@@2@V?$_Vector_const_iterator@EV?$allocator@E@std@@@2@0@Z 0040ded0 f i GameState.obj
 0001:0000cf50       ?allocate@?$allocator@E@std@@QAEPAEI@Z 0040df50 f i GameState.obj
 0001:0000cfa0       ?erase@?$vector@PAVUnit@MicroSearch@@V?$allocator@PAVUnit@MicroSearch@@@std@@@std@@QAE?AV?$_Vector_iterator@PAVUnit@MicroSearch@@V?$allocator@PAVUnit@MicroSearch@@@std@@@2@V?$_Vector_const_iterator@PAVUnit@MicroSearch@@V?$allocator@PAVUnit@MicroSearch@@@std@@@2@0@Z 0040dfa0 f i GameState.obj
 0001:0000cfa0       ?erase@?$vector@IV?$allocator@I@std@@@std@@QAE?AV?$_Vector_iterator@IV?$allocator@I@std@@@2@V?$_Vector_const_iterator@IV?$allocator@I@std@@@2@0@Z 0040dfa0 f i Game.obj
 0001:0000cfa0       ?erase@?$vector@HV?$allocator@H@std@@@std@@QAE?AV?$_Vector_iterator@HV?$allocator@H@std@@@2@V?$_Vector_const_iterator@HV?$allocator@H@std@@@2@0@Z 0040dfa0 f i GameState.obj
 0001:0000cfa0       ?erase@?$vector@MV?$allocator@M@std@@@std@@QAE?AV?$_Vector_iterator@MV?$allocator@M@std@@@2@V?$_Vector_const_iterator@MV?$allocator@M@std@@@2@0@Z 0040dfa0 f i GameState.obj
 0001:0000d030       ?_Xlen@?$vector@MV?$allocator@M@std@@@std@@KAXXZ 0040e030 f i GameState.obj
 0001:0000d030       ?_Xlen@?$vector@HV?$allocator@H@std@@@std@@KAXXZ 0040e030 f i GameState.obj
 0001:0000d030       ?_Xlen@?$vector@VGameState@MicroSearch@@V?$allocator@VGameState@MicroSearch@@@std@@@std@@KAXXZ 0040e030 f i test.obj
 0001:0000d030       ?_Xlen@?$vector@V?$Array@PAVUnit@MicroSearch@@$07@@V?$allocator@V?$Array@PAVUnit@MicroSearch@@$07@@@std@@@std@@KAXXZ 0040e030 f i GameState.obj
 0001:0000d030       ?_Xlen@?$vector@V?$vector@_NV?$allocator@_N@std@@@std@@V?$allocator@V?$vector@_NV?$allocator@_N@std@@@std@@@2@@std@@KAXXZ 0040e030 f i test.obj
 0001:0000d030       ?_Xlen@?$vector@V?$Array@VUnit@MicroSearch@@$07@@V?$allocator@V?$Array@VUnit@MicroSearch@@$07@@@std@@@std@@KAXXZ 0040e030 f i GameState.obj
 0001:0000d030       ?_Xlen@?$vector@EV?$allocator@E@std@@@std@@KAXXZ 0040e030 f i GameState.obj
 0001:0000d030       ?_Xlen@?$vector@V?$shared_ptr@VPlayer@MicroSearch@@@boost@@V?$allocator@V?$shared_ptr@VPlayer@MicroSearch@@@boost@@@std@@@std@@KAXXZ 0040e030 f i AlphaBeta.obj
 0001:0000d090       ??Y?$_Vb_const_iterator@IHV?$vector@_NV?$allocator@_N@std@@@std@@@std@@QAEAAV01@H@Z 0040e090 f i GameState.obj
 0001:0000d180       ?allocate@?$allocator@V?$Array@VUnit@MicroSearch@@$07@@@std@@QAEPAV?$Array@VUnit@MicroSearch@@$07@@I@Z 0040e180 f i GameState.obj
 0001:0000d1e0       ??0?$vector@V?$Array@_K$09@@V?$allocator@V?$Array@_K$09@@@std@@@std@@QAE@XZ 0040e1e0 f i AlphaBeta.obj
 0001:0000d1e0       ??0?$vector@V?$Array@VUnit@MicroSearch@@$07@@V?$allocator@V?$Array@VUnit@MicroSearch@@$07@@@std@@@std@@QAE@XZ 0040e1e0 f i GameState.obj
 0001:0000d1e0       ??0?$vector@V?$Array@VMove@MicroSearch@@$0N@@@V?$allocator@V?$Array@VMove@MicroSearch@@$0N@@@@std@@@std@@QAE@XZ 0040e1e0 f i AlphaBeta.obj
 0001:0000d1e0       ??0?$vector@V?$shared_ptr@VPlayer@MicroSearch@@@boost@@V?$allocator@V?$shared_ptr@VPlayer@MicroSearch@@@boost@@@std@@@std@@QAE@XZ 0040e1e0 f i AlphaBeta.obj
 0001:0000d1e0       ??0?$vector@VUnit@MicroSearch@@V?$allocator@VUnit@MicroSearch@@@std@@@std@@QAE@XZ 0040e1e0 f i GameState.obj
 0001:0000d1e0       ??0?$vector@PAVUnit@MicroSearch@@V?$allocator@PAVUnit@MicroSearch@@@std@@@std@@QAE@XZ 0040e1e0 f i GameState.obj
 0001:0000d1e0       ??0?$vector@VMoveArray@MicroSearch@@V?$allocator@VMoveArray@MicroSearch@@@std@@@std@@QAE@XZ 0040e1e0 f i AlphaBeta.obj
 0001:0000d1e0       ??0?$vector@V?$vector@_NV?$allocator@_N@std@@@std@@V?$allocator@V?$vector@_NV?$allocator@_N@std@@@std@@@2@@std@@QAE@XZ 0040e1e0 f i test.obj
 0001:0000d1e0       ??0?$vector@_KV?$allocator@_K@std@@@std@@QAE@XZ 0040e1e0 f i AlphaBeta.obj
 0001:0000d1e0       ??0?$vector@HV?$allocator@H@std@@@std@@QAE@XZ 0040e1e0 f i GameState.obj
 0001:0000d1e0       ??0?$vector@MV?$allocator@M@std@@@std@@QAE@XZ 0040e1e0 f i GameState.obj
 0001:0000d1e0       ??0?$vector@VGameState@MicroSearch@@V?$allocator@VGameState@MicroSearch@@@std@@@std@@QAE@XZ 0040e1e0 f i test.obj
 0001:0000d1e0       ??0?$vector@V?$Array@PAVUnit@MicroSearch@@$07@@V?$allocator@V?$Array@PAVUnit@MicroSearch@@$07@@@std@@@std@@QAE@XZ 0040e1e0 f i GameState.obj
 0001:0000d1e0       ??0?$vector@EV?$allocator@E@std@@@std@@QAE@XZ 0040e1e0 f i GameState.obj
 0001:0000d1e0       ??0?$vector@IV?$allocator@I@std@@@std@@QAE@XZ 0040e1e0 f i AlphaBeta.obj
 0001:0000d240       ?allocate@?$allocator@VMove@MicroSearch@@@std@@QAEPAVMove@MicroSearch@@I@Z 0040e240 f i AlphaBeta.obj
 0001:0000d240       ?allocate@?$allocator@I@std@@QAEPAII@Z 0040e240 f i AlphaBeta.obj
 0001:0000d240       ?allocate@?$allocator@M@std@@QAEPAMI@Z 0040e240 f i GameState.obj
 0001:0000d240       ?allocate@?$allocator@H@std@@QAEPAHI@Z 0040e240 f i GameState.obj
 0001:0000d240       ?allocate@?$allocator@PAVUnit@MicroSearch@@@std@@QAEPAPAVUnit@MicroSearch@@I@Z 0040e240 f i GameState.obj
 0001:0000d2a0       ?allocate@?$allocator@V?$Array@PAVUnit@MicroSearch@@$07@@@std@@QAEPAV?$Array@PAVUnit@MicroSearch@@$07@@I@Z 0040e2a0 f i GameState.obj
 0001:0000d300       ??$?0VPlayer@MicroSearch@@@?$shared_ptr@VPlayer@MicroSearch@@@boost@@QAE@PAVPlayer@MicroSearch@@@Z 0040e300 f i GameState.obj
 0001:0000d360       ??$_Ucopy@V?$_Vector_const_iterator@VUnit@MicroSearch@@V?$allocator@VUnit@MicroSearch@@@std@@@std@@@?$vector@VUnit@MicroSearch@@V?$allocator@VUnit@MicroSearch@@@std@@@std@@IAEPAVUnit@MicroSearch@@V?$_Vector_const_iterator@VUnit@MicroSearch@@V?$allocator@VUnit@MicroSearch@@@std@@@1@0PAV23@@Z 0040e360 f i GameState.obj
 0001:0000d390       ??$unchecked_copy@PAVUnit@MicroSearch@@PAV12@@stdext@@YAPAVUnit@MicroSearch@@PAV12@00@Z 0040e390 f i GameState.obj
 0001:0000d3e0       ??$_Ucopy@PAVUnit@MicroSearch@@@?$vector@VUnit@MicroSearch@@V?$allocator@VUnit@MicroSearch@@@std@@@std@@IAEPAVUnit@MicroSearch@@PAV23@00@Z 0040e3e0 f i GameState.obj
 0001:0000d400       ??$_Ucopy@PAE@?$vector@EV?$allocator@E@std@@@std@@IAEPAEPAE00@Z 0040e400 f i GameState.obj
 0001:0000d420       ??$_Ucopy@PAH@?$vector@HV?$allocator@H@std@@@std@@IAEPAHPAH00@Z 0040e420 f i GameState.obj
 0001:0000d420       ??$_Ucopy@PAI@?$vector@IV?$allocator@I@std@@@std@@IAEPAIPAI00@Z 0040e420 f i Game.obj
 0001:0000d420       ??$_Ucopy@PAPAVUnit@MicroSearch@@@?$vector@PAVUnit@MicroSearch@@V?$allocator@PAVUnit@MicroSearch@@@std@@@std@@IAEPAPAVUnit@MicroSearch@@PAPAV23@00@Z 0040e420 f i GameState.obj
 0001:0000d420       ??$_Ucopy@PAM@?$vector@MV?$allocator@M@std@@@std@@IAEPAMPAM00@Z 0040e420 f i GameState.obj
 0001:0000d450       ??$_Ucopy@V?$_Vector_const_iterator@PAVUnit@MicroSearch@@V?$allocator@PAVUnit@MicroSearch@@@std@@@std@@@?$vector@PAVUnit@MicroSearch@@V?$allocator@PAVUnit@MicroSearch@@@std@@@std@@IAEPAPAVUnit@MicroSearch@@V?$_Vector_const_iterator@PAVUnit@MicroSearch@@V?$allocator@PAVUnit@MicroSearch@@@std@@@1@0PAPAV23@@Z 0040e450 f i GameState.obj
 0001:0000d490       ??$unchecked_copy@PAIPAI@stdext@@YAPAIPAI00@Z 0040e490 f i Game.obj
 0001:0000d490       ??$unchecked_copy@PAMPAM@stdext@@YAPAMPAM00@Z 0040e490 f i GameState.obj
 0001:0000d490       ??$unchecked_copy@PAHPAH@stdext@@YAPAHPAH00@Z 0040e490 f i GameState.obj
 0001:0000d490       ??$unchecked_copy@PAPAVUnit@MicroSearch@@PAPAV12@@stdext@@YAPAPAVUnit@MicroSearch@@PAPAV12@00@Z 0040e490 f i GameState.obj
 0001:0000d4c0       ??$_Sort@PAPAVUnit@MicroSearch@@HVUnitPtrCompare@2@@std@@YAXPAPAVUnit@MicroSearch@@0HVUnitPtrCompare@2@@Z 0040e4c0 f i GameState.obj
 0001:0000d5b0       ??$sp_pointer_construct@VPlayer@MicroSearch@@V12@@detail@boost@@YAXPAV?$shared_ptr@VPlayer@MicroSearch@@@1@PAVPlayer@MicroSearch@@AAVshared_count@01@@Z 0040e5b0 f i GameState.obj
 0001:0000d610       ??$_Unguarded_partition@PAPAVUnit@MicroSearch@@VUnitPtrCompare@2@@std@@YA?AU?$pair@PAPAVUnit@MicroSearch@@PAPAV12@@0@PAPAVUnit@MicroSearch@@0VUnitPtrCompare@3@@Z 0040e610 f i GameState.obj
 0001:0000d800       ??$?0VPlayer@MicroSearch@@@shared_count@detail@boost@@QAE@PAVPlayer@MicroSearch@@@Z 0040e800 f i GameState.obj
 0001:0000d890       ??$_Uninit_copy@PAVUnit@MicroSearch@@PAV12@V?$allocator@VUnit@MicroSearch@@@std@@@std@@YAPAVUnit@MicroSearch@@PAV12@00AAV?$allocator@VUnit@MicroSearch@@@0@U_Nonscalar_ptr_iterator_tag@0@U_Range_checked_iterator_tag@0@@Z 0040e890 f i GameState.obj
 0001:0000d890       ??$_Uninit_copy@PBVUnit@MicroSearch@@PAV12@V?$allocator@VUnit@MicroSearch@@@std@@@std@@YAPAVUnit@MicroSearch@@PBV12@0PAV12@AAV?$allocator@VUnit@MicroSearch@@@0@U_Nonscalar_ptr_iterator_tag@0@U_Range_checked_iterator_tag@0@@Z 0040e890 f i GameState.obj
 0001:0000d8c0       ??$_Uninit_copy@PBV?$Array@VUnit@MicroSearch@@$07@@PAV1@V?$allocator@V?$Array@VUnit@MicroSearch@@$07@@@std@@@std@@YAPAV?$Array@VUnit@MicroSearch@@$07@@PBV1@0PAV1@AAV?$allocator@V?$Array@VUnit@MicroSearch@@$07@@@0@U_Nonscalar_ptr_iterator_tag@0@U_Range_checked_iterator_tag@0@@Z 0040e8c0 f i GameState.obj
 0001:0000d960       ??$_Uninit_copy@PBV?$Array@PAVUnit@MicroSearch@@$07@@PAV1@V?$allocator@V?$Array@PAVUnit@MicroSearch@@$07@@@std@@@std@@YAPAV?$Array@PAVUnit@MicroSearch@@$07@@PBV1@0PAV1@AAV?$allocator@V?$Array@PAVUnit@MicroSearch@@$07@@@0@U_Nonscalar_ptr_iterator_tag@0@U_Range_checked_iterator_tag@0@@Z 0040e960 f i GameState.obj
 0001:0000d9f0       ??$_Median@PAPAVUnit@MicroSearch@@VUnitPtrCompare@2@@std@@YAXPAPAVUnit@MicroSearch@@00VUnitPtrCompare@2@@Z 0040e9f0 f i GameState.obj
 0001:0000daa0       ??$_Make_heap@PAPAVUnit@MicroSearch@@HPAV12@VUnitPtrCompare@2@@std@@YAXPAPAVUnit@MicroSearch@@0VUnitPtrCompare@2@PAH0@Z 0040eaa0 f i GameState.obj
 0001:0000dae0       ??$_Sort_heap@PAPAVUnit@MicroSearch@@VUnitPtrCompare@2@@std@@YAXPAPAVUnit@MicroSearch@@0VUnitPtrCompare@2@@Z 0040eae0 f i GameState.obj
 0001:0000db30       ??$_Insertion_sort1@PAPAVUnit@MicroSearch@@VUnitPtrCompare@2@PAV12@@std@@YAXPAPAVUnit@MicroSearch@@0VUnitPtrCompare@2@0@Z 0040eb30 f i GameState.obj
 0001:0000dbf0       ??$_Construct@V?$Array@VUnit@MicroSearch@@$07@@V1@@std@@YAXPAV?$Array@VUnit@MicroSearch@@$07@@ABV1@@Z 0040ebf0 f i GameState.obj
 0001:0000dc70       ??$_Construct@V?$Array@PAVUnit@MicroSearch@@$07@@V1@@std@@YAXPAV?$Array@PAVUnit@MicroSearch@@$07@@ABV1@@Z 0040ec70 f i GameState.obj
 0001:0000dcf0       ??$_Med3@PAPAVUnit@MicroSearch@@VUnitPtrCompare@2@@std@@YAXPAPAVUnit@MicroSearch@@00VUnitPtrCompare@2@@Z 0040ecf0 f i GameState.obj
 0001:0000dd50       ??$_Adjust_heap@PAPAVUnit@MicroSearch@@HPAV12@VUnitPtrCompare@2@@std@@YAXPAPAVUnit@MicroSearch@@HHPAV12@VUnitPtrCompare@2@@Z 0040ed50 f i GameState.obj
 0001:0000ddc0       ??$_Push_heap@PAPAVUnit@MicroSearch@@HPAV12@VUnitPtrCompare@2@@std@@YAXPAPAVUnit@MicroSearch@@HHPAV12@VUnitPtrCompare@2@@Z 0040edc0 f i GameState.obj
 0001:0000de30       ??0HashValues@Hash@MicroSearch@@QAE@H@Z 0040ee30 f   Hash.obj
 0001:0000df50       ?seed@?$mersenne_twister_engine@I$0CA@$0CHA@$0BIN@$0BP@$0JJAILANP@$0L@$0PPPPPPPP@$06$0JNCMFGIA@$0P@$0OPMGAAAA@$0BC@$0GMAHIJGF@@random@boost@@QAEXABI@Z 0040ef50 f i Hash.obj
 0001:0000dfe0       ??$generate_uniform_int@V?$mersenne_twister_engine@I$0CA@$0CHA@$0BIN@$0BP@$0JJAILANP@$0L@$0PPPPPPPP@$06$0JNCMFGIA@$0P@$0OPMGAAAA@$0BC@$0GMAHIJGF@@random@boost@@H@detail@random@boost@@YAHAAV?$mersenne_twister_engine@I$0CA@$0CHA@$0BIN@$0BP@$0JJAILANP@$0L@$0PPPPPPPP@$06$0JNCMFGIA@$0P@$0OPMGAAAA@$0BC@$0GMAHIJGF@@12@HHU?$bool_@$00@mpl@2@@Z 0040efe0 f i Hash.obj
 0001:0000e110       ??R?$mersenne_twister_engine@I$0CA@$0CHA@$0BIN@$0BP@$0JJAILANP@$0L@$0PPPPPPPP@$06$0JNCMFGIA@$0P@$0OPMGAAAA@$0BC@$0GMAHIJGF@@random@boost@@QAEIXZ 0040f110 f i Hash.obj
 0001:0000e160       ??$generate_uniform_int@V?$mersenne_twister_engine@I$0CA@$0CHA@$0BIN@$0BP@$0JJAILANP@$0L@$0PPPPPPPP@$06$0JNCMFGIA@$0P@$0OPMGAAAA@$0BC@$0GMAHIJGF@@random@boost@@I@detail@random@boost@@YAIAAV?$mersenne_twister_engine@I$0CA@$0CHA@$0BIN@$0BP@$0JJAILANP@$0L@$0PPPPPPPP@$06$0JNCMFGIA@$0P@$0OPMGAAAA@$0BC@$0GMAHIJGF@@12@IIU?$bool_@$00@mpl@2@@Z 0040f160 f i Hash.obj
 0001:0000e270       ?twist@?$mersenne_twister_engine@I$0CA@$0CHA@$0BIN@$0BP@$0JJAILANP@$0L@$0PPPPPPPP@$06$0JNCMFGIA@$0P@$0OPMGAAAA@$0BC@$0GMAHIJGF@@random@boost@@AAEXXZ 0040f270 f i Hash.obj
 0001:0000e5a0       ??0MicroSearchParameters@MicroSearch@@QAE@XZ 0040f5a0 f   MicroSearchParameters.obj
 0001:0000e670       ?setPlayerModel@MicroSearchParameters@MicroSearch@@QAEXABE0AB_N@Z 0040f670 f   MicroSearchParameters.obj
 0001:0000e730       ?getType@Player_AlphaBeta@MicroSearch@@UAEEXZ 0040f730 f i Player.obj
 0001:0000e740       ?getType@Player_AttackClosest@MicroSearch@@UAEEXZ 0040f740 f i Player.obj
 0001:0000e750       ?getType@Player_AttackWeakest@MicroSearch@@UAEEXZ 0040f750 f i Player.obj
 0001:0000e760       ?getType@Player_Kiter@MicroSearch@@UAEEXZ 0040f760 f i Player.obj
 0001:0000e770       ?getType@Player_KiterDPS@MicroSearch@@UAEEXZ 0040f770 f i Player.obj
 0001:0000e780       ?getType@Player_AttackDPS@MicroSearch@@UAEEXZ 0040f780 f i Player.obj
 0001:0000e790       ?getType@Player_NOK_AttackDPS@MicroSearch@@UAEEXZ 0040f790 f i Player.obj
 0001:0000e7a0       ?getType@Player_Random@MicroSearch@@UAEEXZ 0040f7a0 f i Player.obj
 0001:0000e7b0       ?getPlayer@Players@MicroSearch@@YAPAVPlayer@2@ABE0@Z 0040f7b0 f   Player.obj
 0001:0000e880       ??_EPlayer_AlphaBeta@MicroSearch@@UAEPAXI@Z 0040f880 f i  CIL library: CIL module
 0001:0000e880       ??_GPlayer_AlphaBeta@MicroSearch@@UAEPAXI@Z 0040f880 f i Player.obj
 0001:0000e8a0       ??0Player_AlphaBeta@MicroSearch@@QAE@ABEABVMicroSearchParameters@1@V?$shared_ptr@VTranspositionTable@MicroSearch@@@boost@@@Z 0040f8a0 f   Player.obj
 0001:0000e9b0       ??4MicroSearchParameters@MicroSearch@@QAEAAV01@ABV01@@Z 0040f9b0 f i Player.obj
 0001:0000eaa0       ??1Player_AlphaBeta@MicroSearch@@UAE@XZ 0040faa0 f   Player.obj
 0001:0000eb50       ??1AlphaBeta@MicroSearch@@QAE@XZ 0040fb50 f i Player.obj
 0001:0000ec20       ?setTranspositionTable@Player_AlphaBeta@MicroSearch@@QAEXV?$shared_ptr@VTranspositionTable@MicroSearch@@@boost@@@Z 0040fc20 f   Player.obj
 0001:0000ecb0       ?getMoves@Player_AlphaBeta@MicroSearch@@UAEXAAVGameState@2@ABVMoveArray@2@AAV?$vector@VMove@MicroSearch@@V?$allocator@VMove@MicroSearch@@@std@@@std@@@Z 0040fcb0 f   Player.obj
 0001:0000ecc0       ?getMoveTuple@Player_AlphaBeta@MicroSearch@@UAE?B_KAAVGameState@2@ABVMoveArray@2@@Z 0040fcc0 f   Player.obj
 0001:0000ece0       ?getMoveTuple@Player_AttackClosest@MicroSearch@@UAE?B_KAAVGameState@2@ABVMoveArray@2@@Z 0040fce0 f   Player.obj
 0001:0000f310       ?getMoves@Player_AttackClosest@MicroSearch@@UAEXAAVGameState@2@ABVMoveArray@2@AAV?$vector@VMove@MicroSearch@@V?$allocator@VMove@MicroSearch@@@std@@@std@@@Z 00410310 f   Player.obj
 0001:0000f930       ?getMoveTuple@Player_AttackWeakest@MicroSearch@@UAE?B_KAAVGameState@2@ABVMoveArray@2@@Z 00410930 f   Player.obj
 0001:0000fdf0       ?getMoves@Player_AttackWeakest@MicroSearch@@UAEXAAVGameState@2@ABVMoveArray@2@AAV?$vector@VMove@MicroSearch@@V?$allocator@VMove@MicroSearch@@@std@@@std@@@Z 00410df0 f   Player.obj
 0001:000102a0       ?getMoves@Player_AttackDPS@MicroSearch@@UAEXAAVGameState@2@ABVMoveArray@2@AAV?$vector@VMove@MicroSearch@@V?$allocator@VMove@MicroSearch@@@std@@@std@@@Z 004112a0 f   Player.obj
 0001:00010860       ?getMoveTuple@Player_AttackDPS@MicroSearch@@UAE?B_KAAVGameState@2@ABVMoveArray@2@@Z 00411860 f   Player.obj
 0001:00010e40       ?getMoves@Player_NOK_AttackDPS@MicroSearch@@UAEXAAVGameState@2@ABVMoveArray@2@AAV?$vector@VMove@MicroSearch@@V?$allocator@VMove@MicroSearch@@@std@@@std@@@Z 00411e40 f   Player.obj
 0001:00011960       ?getMoveTuple@Player_NOK_AttackDPS@MicroSearch@@UAE?B_KAAVGameState@2@ABVMoveArray@2@@Z 00412960 f   Player.obj
 0001:000124a0       ?getMoves@Player_Kiter@MicroSearch@@UAEXAAVGameState@2@ABVMoveArray@2@AAV?$vector@VMove@MicroSearch@@V?$allocator@VMove@MicroSearch@@@std@@@std@@@Z 004134a0 f   Player.obj
 0001:00012a70       ?getMoveTuple@Player_Kiter@MicroSearch@@UAE?B_KAAVGameState@2@ABVMoveArray@2@@Z 00413a70 f   Player.obj
 0001:00013060       ?getMoves@Player_KiterDPS@MicroSearch@@UAEXAAVGameState@2@ABVMoveArray@2@AAV?$vector@VMove@MicroSearch@@V?$allocator@VMove@MicroSearch@@@std@@@std@@@Z 00414060 f   Player.obj
 0001:00013630       ?getMoveTuple@Player_KiterDPS@MicroSearch@@UAE?B_KAAVGameState@2@ABVMoveArray@2@@Z 00414630 f   Player.obj
 0001:00013c10       ?getMoves@Player_Random@MicroSearch@@UAEXAAVGameState@2@ABVMoveArray@2@AAV?$vector@VMove@MicroSearch@@V?$allocator@VMove@MicroSearch@@@std@@@std@@@Z 00414c10 f   Player.obj
 0001:00013d60       ?getMoveTuple@Player_Random@MicroSearch@@UAE?B_KAAVGameState@2@ABVMoveArray@2@@Z 00414d60 f   Player.obj
 0001:00013d90       ?resize@?$Array@H$07@@QAEXABI@Z 00414d90 f i Player.obj
 0001:00013e20       ?insert@?$vector@VMove@MicroSearch@@V?$allocator@VMove@MicroSearch@@@std@@@std@@QAE?AV?$_Vector_iterator@VMove@MicroSearch@@V?$allocator@VMove@MicroSearch@@@std@@@2@V?$_Vector_const_iterator@VMove@MicroSearch@@V?$allocator@VMove@MicroSearch@@@std@@@2@ABVMove@MicroSearch@@@Z 00414e20 f i Player.obj
 0001:00013ee0       ??0?$vector@HV?$allocator@H@std@@@std@@QAE@I@Z 00414ee0 f i Player.obj
 0001:00013f50       ?_Insert_n@?$vector@VMove@MicroSearch@@V?$allocator@VMove@MicroSearch@@@std@@@std@@IAEXV?$_Vector_const_iterator@VMove@MicroSearch@@V?$allocator@VMove@MicroSearch@@@std@@@2@IABVMove@MicroSearch@@@Z 00414f50 f i Player.obj
 0001:00014190       ?_Construct_n@?$vector@HV?$allocator@H@std@@@std@@QAEXIABH@Z 00415190 f i Player.obj
 0001:000141e0       ??$_Umove@PAVMove@MicroSearch@@@?$vector@VMove@MicroSearch@@V?$allocator@VMove@MicroSearch@@@std@@@std@@IAEPAVMove@MicroSearch@@PAV23@00@Z 004151e0 f i Player.obj
 0001:000141e0       ??$_Ucopy@PAVMove@MicroSearch@@@?$vector@VMove@MicroSearch@@V?$allocator@VMove@MicroSearch@@@std@@@std@@IAEPAVMove@MicroSearch@@PAV23@00@Z 004151e0 f i Game.obj
 0001:00014210       ??0Map@MicroSearch@@QAE@XZ 00415210 f i test.obj
 0001:00014280       ?load@Map@MicroSearch@@QAEXABV?$basic_string@DU?$char_traits@D@std@@V?$allocator@D@2@@std@@@Z 00415280 f i test.obj
 0001:000146d0       ?getSymmetricState@@YA?AVGameState@MicroSearch@@ABEVUnitType@BWAPI@@ABI12ABH3@Z 004156d0 f   test.obj
 0001:000149a0       ?generateAllStates@@YAXAAV?$vector@VGameState@MicroSearch@@V?$allocator@VGameState@MicroSearch@@@std@@@std@@ABIVUnitType@BWAPI@@121ABH3@Z 004159a0 f   test.obj
 0001:00014a90       ?getSearchPlayer@@YA?AV?$shared_ptr@VPlayer@MicroSearch@@@boost@@ABE00ABI@Z 00415a90 f   test.obj
 0001:00014bd0       ?addSearchPlayers50ms@@YAXAAV?$vector@V?$shared_ptr@VPlayer@MicroSearch@@@boost@@V?$allocator@V?$shared_ptr@VPlayer@MicroSearch@@@boost@@@std@@@std@@ABE@Z 00415bd0 f   test.obj
 0001:00014c80       ?addModelPlayers@@YAXAAV?$vector@V?$shared_ptr@VPlayer@MicroSearch@@@boost@@V?$allocator@V?$shared_ptr@VPlayer@MicroSearch@@@boost@@@std@@@std@@ABE@Z 00415c80 f   test.obj
 0001:00014ff0       ?results@@YAXXZ            00415ff0 f   test.obj
 0001:00015830       _main                      00416830 f   test.obj
 0001:00015910       ??0?$vector@V?$vector@_NV?$allocator@_N@std@@@std@@V?$allocator@V?$vector@_NV?$allocator@_N@std@@@std@@@2@@std@@QAE@IABV?$vector@_NV?$allocator@_N@std@@@1@@Z 00416910 f i test.obj
 0001:00015980       ??1?$vector@V?$vector@_NV?$allocator@_N@std@@@std@@V?$allocator@V?$vector@_NV?$allocator@_N@std@@@std@@@2@@std@@QAE@XZ 00416980 f i test.obj
 0001:000159d0       ??4?$vector@V?$vector@_NV?$allocator@_N@std@@@std@@V?$allocator@V?$vector@_NV?$allocator@_N@std@@@std@@@2@@std@@QAEAAV01@ABV01@@Z 004169d0 f i test.obj
 0001:00015b40       ??0?$vector@_NV?$allocator@_N@std@@@std@@QAE@I_N@Z 00416b40 f i test.obj
 0001:00015bd0       ?destroy@?$allocator@V?$vector@_NV?$allocator@_N@std@@@std@@@std@@QAEXPAV?$vector@_NV?$allocator@_N@std@@@2@@Z 00416bd0 f i test.obj
 0001:00015bd0       ??1?$vector@_NV?$allocator@_N@std@@@std@@QAE@XZ 00416bd0 f i test.obj
 0001:00015c10       ??A?$vector@_NV?$allocator@_N@std@@@std@@QAE?AV?$_Vb_reference@IHV?$vector@_NV?$allocator@_N@std@@@std@@@1@I@Z 00416c10 f i test.obj
 0001:00015ca0       ??1?$vector@VGameState@MicroSearch@@V?$allocator@VGameState@MicroSearch@@@std@@@std@@QAE@XZ 00416ca0 f i test.obj
 0001:00015cf0       ?push_back@?$vector@VGameState@MicroSearch@@V?$allocator@VGameState@MicroSearch@@@std@@@std@@QAEXABVGameState@MicroSearch@@@Z 00416cf0 f i test.obj
 0001:00015da0       ??0?$vector@IV?$allocator@I@std@@@std@@QAE@IABI@Z 00416da0 f i test.obj
 0001:00015e00       ?_Construct_n@?$vector@V?$vector@_NV?$allocator@_N@std@@@std@@V?$allocator@V?$vector@_NV?$allocator@_N@std@@@std@@@2@@std@@QAEXIABV?$vector@_NV?$allocator@_N@std@@@2@@Z 00416e00 f i test.obj
 0001:00015ec0       ?clear@?$vector@V?$vector@_NV?$allocator@_N@std@@@std@@V?$allocator@V?$vector@_NV?$allocator@_N@std@@@std@@@2@@std@@QAEXXZ 00416ec0 f i test.obj
 0001:00015f00       ?_Buy@?$vector@V?$vector@_NV?$allocator@_N@std@@@std@@V?$allocator@V?$vector@_NV?$allocator@_N@std@@@std@@@2@@std@@IAE_NI@Z 00416f00 f i test.obj
 0001:00015f30       ?_Destroy@?$vector@V?$vector@_NV?$allocator@_N@std@@@std@@V?$allocator@V?$vector@_NV?$allocator@_N@std@@@std@@@2@@std@@IAEXPAV?$vector@_NV?$allocator@_N@std@@@2@0@Z 00416f30 f i test.obj
 0001:00015f50       ?_Tidy@?$vector@V?$vector@_NV?$allocator@_N@std@@@std@@V?$allocator@V?$vector@_NV?$allocator@_N@std@@@std@@@2@@std@@IAEXXZ 00416f50 f i test.obj
 0001:00015f90       ?_Trim@?$vector@_NV?$allocator@_N@std@@@std@@IAEXI@Z 00416f90 f i test.obj
 0001:00016080       ?insert@?$vector@VGameState@MicroSearch@@V?$allocator@VGameState@MicroSearch@@@std@@@std@@QAE?AV?$_Vector_iterator@VGameState@MicroSearch@@V?$allocator@VGameState@MicroSearch@@@std@@@2@V?$_Vector_const_iterator@VGameState@MicroSearch@@V?$allocator@VGameState@MicroSearch@@@std@@@2@ABVGameState@MicroSearch@@@Z 00417080 f i test.obj
 0001:00016160       ?_Tidy@?$vector@VGameState@MicroSearch@@V?$allocator@VGameState@MicroSearch@@@std@@@std@@IAEXXZ 00417160 f i test.obj
 0001:000161b0       ?_Ufill@?$vector@VGameState@MicroSearch@@V?$allocator@VGameState@MicroSearch@@@std@@@std@@IAEPAVGameState@MicroSearch@@PAV34@IABV34@@Z 004171b0 f i test.obj
 0001:000161e0       ?erase@?$vector@V?$vector@_NV?$allocator@_N@std@@@std@@V?$allocator@V?$vector@_NV?$allocator@_N@std@@@std@@@2@@std@@QAE?AV?$_Vector_iterator@V?$vector@_NV?$allocator@_N@std@@@std@@V?$allocator@V?$vector@_NV?$allocator@_N@std@@@std@@@2@@2@V?$_Vector_const_iterator@V?$vector@_NV?$allocator@_N@std@@@std@@V?$allocator@V?$vector@_NV?$allocator@_N@std@@@std@@@2@@2@0@Z 004171e0 f i test.obj
 0001:00016280       ?allocate@?$allocator@V?$vector@_NV?$allocator@_N@std@@@std@@@std@@QAEPAV?$vector@_NV?$allocator@_N@std@@@2@I@Z 00417280 f i test.obj
 0001:000162e0       ?_Xlen@?$vector@_NV?$allocator@_N@std@@@std@@IBEXXZ 004172e0 f i test.obj
 0001:00016340       ?_Destroy@?$vector@VGameState@MicroSearch@@V?$allocator@VGameState@MicroSearch@@@std@@@std@@IAEXPAVGameState@MicroSearch@@0@Z 00417340 f i test.obj
 0001:00016360       ?_Insert_n@?$vector@VGameState@MicroSearch@@V?$allocator@VGameState@MicroSearch@@@std@@@std@@IAEXV?$_Vector_const_iterator@VGameState@MicroSearch@@V?$allocator@VGameState@MicroSearch@@@std@@@2@IABVGameState@MicroSearch@@@Z 00417360 f i test.obj
 0001:00016750       ?allocate@?$allocator@VGameState@MicroSearch@@@std@@QAEPAVGameState@MicroSearch@@I@Z 00417750 f i test.obj
 0001:000167b0       ??$?0VPlayer_AttackClosest@MicroSearch@@@?$shared_ptr@VPlayer@MicroSearch@@@boost@@QAE@PAVPlayer_AttackClosest@MicroSearch@@@Z 004177b0 f i test.obj
 0001:00016810       ??$?0VPlayer_AttackWeakest@MicroSearch@@@?$shared_ptr@VPlayer@MicroSearch@@@boost@@QAE@PAVPlayer_AttackWeakest@MicroSearch@@@Z 00417810 f i test.obj
 0001:00016870       ??$?0VPlayer_AttackDPS@MicroSearch@@@?$shared_ptr@VPlayer@MicroSearch@@@boost@@QAE@PAVPlayer_AttackDPS@MicroSearch@@@Z 00417870 f i test.obj
 0001:000168d0       ??$?0VPlayer_Kiter@MicroSearch@@@?$shared_ptr@VPlayer@MicroSearch@@@boost@@QAE@PAVPlayer_Kiter@MicroSearch@@@Z 004178d0 f i test.obj
 0001:00016930       ??$?0VPlayer_KiterDPS@MicroSearch@@@?$shared_ptr@VPlayer@MicroSearch@@@boost@@QAE@PAVPlayer_KiterDPS@MicroSearch@@@Z 00417930 f i test.obj
 0001:00016990       ??$?0VPlayer_AlphaBeta@MicroSearch@@@?$shared_ptr@VPlayer@MicroSearch@@@boost@@QAE@PAVPlayer_AlphaBeta@MicroSearch@@@Z 00417990 f i test.obj
 0001:000169f0       ??$?0VPlayer_Random@MicroSearch@@@?$shared_ptr@VPlayer@MicroSearch@@@boost@@QAE@PAVPlayer_Random@MicroSearch@@@Z 004179f0 f i test.obj
 0001:00016a50       ??$unchecked_copy@PAV?$vector@_NV?$allocator@_N@std@@@std@@PAV12@@stdext@@YAPAV?$vector@_NV?$allocator@_N@std@@@std@@PAV12@00@Z 00417a50 f i test.obj
 0001:00016a80       ??$_Ucopy@PAV?$vector@_NV?$allocator@_N@std@@@std@@@?$vector@V?$vector@_NV?$allocator@_N@std@@@std@@V?$allocator@V?$vector@_NV?$allocator@_N@std@@@std@@@2@@std@@IAEPAV?$vector@_NV?$allocator@_N@std@@@1@PAV21@00@Z 00417a80 f i test.obj
 0001:00016ab0       ??$_Umove@PAVGameState@MicroSearch@@@?$vector@VGameState@MicroSearch@@V?$allocator@VGameState@MicroSearch@@@std@@@std@@IAEPAVGameState@MicroSearch@@PAV23@00@Z 00417ab0 f i test.obj
 0001:00016ae0       ??$sp_pointer_construct@VPlayer@MicroSearch@@VPlayer_AttackClosest@2@@detail@boost@@YAXPAV?$shared_ptr@VPlayer@MicroSearch@@@1@PAVPlayer_AttackClosest@MicroSearch@@AAVshared_count@01@@Z 00417ae0 f i test.obj
 0001:00016b40       ??$sp_pointer_construct@VPlayer@MicroSearch@@VPlayer_AttackWeakest@2@@detail@boost@@YAXPAV?$shared_ptr@VPlayer@MicroSearch@@@1@PAVPlayer_AttackWeakest@MicroSearch@@AAVshared_count@01@@Z 00417b40 f i test.obj
 0001:00016ba0       ??$sp_pointer_construct@VPlayer@MicroSearch@@VPlayer_AttackDPS@2@@detail@boost@@YAXPAV?$shared_ptr@VPlayer@MicroSearch@@@1@PAVPlayer_AttackDPS@MicroSearch@@AAVshared_count@01@@Z 00417ba0 f i test.obj
 0001:00016c00       ??$sp_pointer_construct@VPlayer@MicroSearch@@VPlayer_Kiter@2@@detail@boost@@YAXPAV?$shared_ptr@VPlayer@MicroSearch@@@1@PAVPlayer_Kiter@MicroSearch@@AAVshared_count@01@@Z 00417c00 f i test.obj
 0001:00016c60       ??$sp_pointer_construct@VPlayer@MicroSearch@@VPlayer_KiterDPS@2@@detail@boost@@YAXPAV?$shared_ptr@VPlayer@MicroSearch@@@1@PAVPlayer_KiterDPS@MicroSearch@@AAVshared_count@01@@Z 00417c60 f i test.obj
 0001:00016cc0       ??$sp_pointer_construct@VPlayer@MicroSearch@@VPlayer_AlphaBeta@2@@detail@boost@@YAXPAV?$shared_ptr@VPlayer@MicroSearch@@@1@PAVPlayer_AlphaBeta@MicroSearch@@AAVshared_count@01@@Z 00417cc0 f i test.obj
 0001:00016d20       ??$sp_pointer_construct@VPlayer@MicroSearch@@VPlayer_Random@2@@detail@boost@@YAXPAV?$shared_ptr@VPlayer@MicroSearch@@@1@PAVPlayer_Random@MicroSearch@@AAVshared_count@01@@Z 00417d20 f i test.obj
 0001:00016d80       ??$_Copy_opt@PAV?$vector@_NV?$allocator@_N@std@@@std@@PAV12@@std@@YAPAV?$vector@_NV?$allocator@_N@std@@@0@PAV10@00Urandom_access_iterator_tag@0@U_Nonscalar_ptr_iterator_tag@0@U_Range_checked_iterator_tag@0@@Z 00417d80 f i test.obj
 0001:00016de0       ??$_Destroy_range@V?$allocator@V?$vector@_NV?$allocator@_N@std@@@std@@@std@@@std@@YAXPAV?$vector@_NV?$allocator@_N@std@@@0@0AAV?$allocator@V?$vector@_NV?$allocator@_N@std@@@std@@@0@U_Nonscalar_ptr_iterator_tag@0@@Z 00417de0 f i test.obj
 0001:00016e30       ??$_Uninit_fill_n@PAVGameState@MicroSearch@@IV12@V?$allocator@VGameState@MicroSearch@@@std@@@std@@YAXPAVGameState@MicroSearch@@IABV12@AAV?$allocator@VGameState@MicroSearch@@@0@U_Nonscalar_ptr_iterator_tag@0@U_Range_checked_iterator_tag@0@@Z 00417e30 f i test.obj
 0001:00016ed0       ??$_Uninit_fill_n@PAV?$vector@_NV?$allocator@_N@std@@@std@@IV12@V?$allocator@V?$vector@_NV?$allocator@_N@std@@@std@@@2@@std@@YAXPAV?$vector@_NV?$allocator@_N@std@@@0@IABV10@AAV?$allocator@V?$vector@_NV?$allocator@_N@std@@@std@@@0@U_Nonscalar_ptr_iterator_tag@0@U_Range_checked_iterator_tag@0@@Z 00417ed0 f i test.obj
 0001:00016f70       ??$?0VPlayer_AttackClosest@MicroSearch@@@shared_count@detail@boost@@QAE@PAVPlayer_AttackClosest@MicroSearch@@@Z 00417f70 f i test.obj
 0001:00017000       ??$?0VPlayer_AttackWeakest@MicroSearch@@@shared_count@detail@boost@@QAE@PAVPlayer_AttackWeakest@MicroSearch@@@Z 00418000 f i test.obj
 0001:00017090       ??$?0VPlayer_AttackDPS@MicroSearch@@@shared_count@detail@boost@@QAE@PAVPlayer_AttackDPS@MicroSearch@@@Z 00418090 f i test.obj
 0001:00017120       ??$?0VPlayer_Kiter@MicroSearch@@@shared_count@detail@boost@@QAE@PAVPlayer_Kiter@MicroSearch@@@Z 00418120 f i test.obj
 0001:000171b0       ??$?0VPlayer_KiterDPS@MicroSearch@@@shared_count@detail@boost@@QAE@PAVPlayer_KiterDPS@MicroSearch@@@Z 004181b0 f i test.obj
 0001:00017240       ??$?0VPlayer_AlphaBeta@MicroSearch@@@shared_count@detail@boost@@QAE@PAVPlayer_AlphaBeta@MicroSearch@@@Z 00418240 f i test.obj
 0001:000172e0       ??$?0VPlayer_Random@MicroSearch@@@shared_count@detail@boost@@QAE@PAVPlayer_Random@MicroSearch@@@Z 004182e0 f i test.obj
 0001:00017370       ??$_Uninit_copy@PAV?$vector@_NV?$allocator@_N@std@@@std@@PAV12@V?$allocator@V?$vector@_NV?$allocator@_N@std@@@std@@@2@@std@@YAPAV?$vector@_NV?$allocator@_N@std@@@0@PAV10@00AAV?$allocator@V?$vector@_NV?$allocator@_N@std@@@std@@@0@U_Nonscalar_ptr_iterator_tag@0@U_Range_checked_iterator_tag@0@@Z 00418370 f i test.obj
 0001:00017410       ??$_Copy_backward_opt@PAVGameState@MicroSearch@@PAV12@@std@@YAPAVGameState@MicroSearch@@PAV12@00Urandom_access_iterator_tag@0@U_Nonscalar_ptr_iterator_tag@0@U_Range_checked_iterator_tag@0@@Z 00418410 f i test.obj
 0001:00017460       ??0?$vector@_NV?$allocator@_N@std@@@std@@QAE@ABV01@@Z 00418460 f i test.obj
 0001:000174d0       ?dispose@?$sp_counted_impl_p@VPlayer_AttackDPS@MicroSearch@@@detail@boost@@UAEXXZ 004184d0 f i test.obj
 0001:000174d0       ?dispose@?$sp_counted_impl_p@VPlayer_AttackClosest@MicroSearch@@@detail@boost@@UAEXXZ 004184d0 f i test.obj
 0001:000174d0       ?dispose@?$sp_counted_impl_p@VPlayer_Random@MicroSearch@@@detail@boost@@UAEXXZ 004184d0 f i test.obj
 0001:000174d0       ?dispose@?$sp_counted_impl_p@VPlayer@MicroSearch@@@detail@boost@@UAEXXZ 004184d0 f i GameState.obj
 0001:000174d0       ?dispose@?$sp_counted_impl_p@VPlayer_KiterDPS@MicroSearch@@@detail@boost@@UAEXXZ 004184d0 f i test.obj
 0001:000174d0       ?dispose@?$sp_counted_impl_p@VPlayer_AttackWeakest@MicroSearch@@@detail@boost@@UAEXXZ 004184d0 f i test.obj
 0001:000174d0       ?dispose@?$sp_counted_impl_p@VPlayer_NOK_AttackDPS@MicroSearch@@@detail@boost@@UAEXXZ 004184d0 f i AlphaBeta.obj
 0001:000174d0       ?dispose@?$sp_counted_impl_p@VPlayer_Kiter@MicroSearch@@@detail@boost@@UAEXXZ 004184d0 f i test.obj
 0001:000174e0       ?get_deleter@?$sp_counted_impl_p@VPlayer_NOK_AttackDPS@MicroSearch@@@detail@boost@@UAEPAXABVtype_info@@@Z 004184e0 f i AlphaBeta.obj
[...]
 0001:0003e4b0       ??__EPlace_COP@UnitCommandTypes@BWAPI@@YAXXZ 0043f4b0 f   BWAPI:UnitCommandType.obj
 0001:0003e4c0       ??__ENone@UnitCommandTypes@BWAPI@@YAXXZ 0043f4c0 f   BWAPI:UnitCommandType.obj
 0001:0003e4d0       ??__EUnknown@UnitCommandTypes@BWAPI@@YAXXZ 0043f4d0 f   BWAPI:UnitCommandType.obj
 0001:0003e4e0       ??__EplayerTypeName@BWAPI@@YAXXZ 0043f4e0 f   BWAPI:PlayerType.obj
 0001:0003e510       ??__EplayerTypeMap@BWAPI@@YAXXZ 0043f510 f   BWAPI:PlayerType.obj
 0001:0003e540       ??__EplayerTypeSet@BWAPI@@YAXXZ 0043f540 f   BWAPI:PlayerType.obj
 0001:0003e570       ??__ENone@PlayerTypes@BWAPI@@YAXXZ 0043f570 f   BWAPI:PlayerType.obj
 0001:0003e5b0       ??__EComputer@PlayerTypes@BWAPI@@YAXXZ 0043f5b0 f   BWAPI:PlayerType.obj
 0001:0003e5f0       ??__EPlayer@PlayerTypes@BWAPI@@YAXXZ 0043f5f0 f   BWAPI:PlayerType.obj
 0001:0003e630       ??__ERescuePassive@PlayerTypes@BWAPI@@YAXXZ 0043f630 f   BWAPI:PlayerType.obj
 0001:0003e670       ??__EEitherPreferComputer@PlayerTypes@BWAPI@@YAXXZ 0043f670 f   BWAPI:PlayerType.obj
 0001:0003e6b0       ??__EEitherPreferHuman@PlayerTypes@BWAPI@@YAXXZ 0043f6b0 f   BWAPI:PlayerType.obj
 0001:0003e6f0       ??__ENeutral@PlayerTypes@BWAPI@@YAXXZ 0043f6f0 f   BWAPI:PlayerType.obj
 0001:0003e730       ??__EClosed@PlayerTypes@BWAPI@@YAXXZ 0043f730 f   BWAPI:PlayerType.obj
 0001:0003e770       ??__EPlayerLeft@PlayerTypes@BWAPI@@YAXXZ 0043f770 f   BWAPI:PlayerType.obj
 0001:0003e7b0       ??__EComputerLeft@PlayerTypes@BWAPI@@YAXXZ 0043f7b0 f   BWAPI:PlayerType.obj
 0001:0003e7f0       ??__EUnknown@PlayerTypes@BWAPI@@YAXXZ 0043f7f0 f   BWAPI:PlayerType.obj
 0001:0003e830       ??__EorderName@BWAPI@@YAXXZ 0043f830 f   BWAPI:Order.obj
 0001:0003e860       ??__EorderMap@BWAPI@@YAXXZ 0043f860 f   BWAPI:Order.obj
 0001:0003e890       ??__EorderSet@BWAPI@@YAXXZ 0043f890 f   BWAPI:Order.obj
 0001:0003e8c0       ??__EDie@Orders@BWAPI@@YAXXZ 0043f8c0 f   BWAPI:Order.obj
 0001:0003e900       ??__EStop@Orders@BWAPI@@YAXXZ 0043f900 f   BWAPI:Order.obj
 0001:0003e940       ??__EGuard@Orders@BWAPI@@YAXXZ 0043f940 f   BWAPI:Order.obj
 0001:0003e980       ??__EPlayerGuard@Orders@BWAPI@@YAXXZ 0043f980 f   BWAPI:Order.obj
 0001:0003e9c0       ??__ETurretGuard@Orders@BWAPI@@YAXXZ 0043f9c0 f   BWAPI:Order.obj
 0001:0003ea00       ??__EBunkerGuard@Orders@BWAPI@@YAXXZ 0043fa00 f   BWAPI:Order.obj
 0001:0003ea40       ??__EMove@Orders@BWAPI@@YAXXZ 0043fa40 f   BWAPI:Order.obj
 0001:0003ea80       ??__EAttackUnit@Orders@BWAPI@@YAXXZ 0043fa80 f   BWAPI:Order.obj
 0001:0003eac0       ??__EAttackTile@Orders@BWAPI@@YAXXZ 0043fac0 f   BWAPI:Order.obj
 0001:0003eb00       ??__EHover@Orders@BWAPI@@YAXXZ 0043fb00 f   BWAPI:Order.obj
 0001:0003eb40       ??__EAttackMove@Orders@BWAPI@@YAXXZ 0043fb40 f   BWAPI:Order.obj
 0001:0003eb80       ??__EInfestedCommandCenter@Orders@BWAPI@@YAXXZ 0043fb80 f   BWAPI:Order.obj
 0001:0003ebc0       ??__EUnusedNothing@Orders@BWAPI@@YAXXZ 0043fbc0 f   BWAPI:Order.obj
 0001:0003ec00       ??__EUnusedPowerup@Orders@BWAPI@@YAXXZ 0043fc00 f   BWAPI:Order.obj
 0001:0003ec40       ??__ETowerGuard@Orders@BWAPI@@YAXXZ 0043fc40 f   BWAPI:Order.obj
 0001:0003ec80       ??__EVultureMine@Orders@BWAPI@@YAXXZ 0043fc80 f   BWAPI:Order.obj
 0001:0003ecc0       ??__ENothing@Orders@BWAPI@@YAXXZ 0043fcc0 f   BWAPI:Order.obj
 0001:0003ed00       ??__ENothing3@Orders@BWAPI@@YAXXZ 0043fd00 f   BWAPI:Order.obj
 0001:0003ed40       ??__ECastInfestation@Orders@BWAPI@@YAXXZ 0043fd40 f   BWAPI:Order.obj
 0001:0003ed80       ??__EInfestingCommandCenter@Orders@BWAPI@@YAXXZ 0043fd80 f   BWAPI:Order.obj
 0001:0003edc0       ??__EPlaceBuilding@Orders@BWAPI@@YAXXZ 0043fdc0 f   BWAPI:Order.obj
 0001:0003ee00       ??__EBuildProtoss2@Orders@BWAPI@@YAXXZ 0043fe00 f   BWAPI:Order.obj
 0001:0003ee40       ??__EConstructingBuilding@Orders@BWAPI@@YAXXZ 0043fe40 f   BWAPI:Order.obj
 0001:0003ee80       ??__ERepair@Orders@BWAPI@@YAXXZ 0043fe80 f   BWAPI:Order.obj
 0001:0003eec0       ??__EPlaceAddon@Orders@BWAPI@@YAXXZ 0043fec0 f   BWAPI:Order.obj
 0001:0003ef00       ??__EBuildAddon@Orders@BWAPI@@YAXXZ 0043ff00 f   BWAPI:Order.obj
 0001:0003ef40       ??__ETrain@Orders@BWAPI@@YAXXZ 0043ff40 f   BWAPI:Order.obj
 0001:0003ef80       ??__ERallyPointUnit@Orders@BWAPI@@YAXXZ 0043ff80 f   BWAPI:Order.obj
 0001:0003efc0       ??__ERallyPointTile@Orders@BWAPI@@YAXXZ 0043ffc0 f   BWAPI:Order.obj
 0001:0003f000       ??__EZergBirth@Orders@BWAPI@@YAXXZ 00440000 f   BWAPI:Order.obj
 0001:0003f040       ??__EZergUnitMorph@Orders@BWAPI@@YAXXZ 00440040 f   BWAPI:Order.obj
 0001:0003f080       ??__EZergBuildingMorph@Orders@BWAPI@@YAXXZ 00440080 f   BWAPI:Order.obj
 0001:0003f0c0       ??__EIncompleteBuilding@Orders@BWAPI@@YAXXZ 004400c0 f   BWAPI:Order.obj
 0001:0003f100       ??__EBuildNydusExit@Orders@BWAPI@@YAXXZ 00440100 f   BWAPI:Order.obj
 0001:0003f140       ??__EEnterNydusCanal@Orders@BWAPI@@YAXXZ 00440140 f   BWAPI:Order.obj
 0001:0003f180       ??__EFollow@Orders@BWAPI@@YAXXZ 00440180 f   BWAPI:Order.obj
 0001:0003f1c0       ??__ECarrier@Orders@BWAPI@@YAXXZ 004401c0 f   BWAPI:Order.obj
 0001:0003f200       ??__EReaverCarrierMove@Orders@BWAPI@@YAXXZ 00440200 f   BWAPI:Order.obj
 0001:0003f240       ??__ECarrierIgnore2@Orders@BWAPI@@YAXXZ 00440240 f   BWAPI:Order.obj
 0001:0003f280       ??__EReaver@Orders@BWAPI@@YAXXZ 00440280 f   BWAPI:Order.obj
 0001:0003f2c0       ??__ETrainFighter@Orders@BWAPI@@YAXXZ 004402c0 f   BWAPI:Order.obj
 0001:0003f300       ??__EInterceptorAttack@Orders@BWAPI@@YAXXZ 00440300 f   BWAPI:Order.obj
 0001:0003f340       ??__EScarabAttack@Orders@BWAPI@@YAXXZ 00440340 f   BWAPI:Order.obj
 0001:0003f380       ??__ERechargeShieldsUnit@Orders@BWAPI@@YAXXZ 00440380 f   BWAPI:Order.obj
 0001:0003f3c0       ??__ERechargeShieldsBattery@Orders@BWAPI@@YAXXZ 004403c0 f   BWAPI:Order.obj
 0001:0003f400       ??__EShieldBattery@Orders@BWAPI@@YAXXZ 00440400 f   BWAPI:Order.obj
 0001:0003f440       ??__EInterceptorReturn@Orders@BWAPI@@YAXXZ 00440440 f   BWAPI:Order.obj
 0001:0003f480       ??__EBuildingLand@Orders@BWAPI@@YAXXZ 00440480 f   BWAPI:Order.obj
 0001:0003f4c0       ??__EBuildingLiftOff@Orders@BWAPI@@YAXXZ 004404c0 f   BWAPI:Order.obj
 0001:0003f500       ??__EDroneLiftOff@Orders@BWAPI@@YAXXZ 00440500 f   BWAPI:Order.obj
 0001:0003f540       ??__ELiftingOff@Orders@BWAPI@@YAXXZ 00440540 f   BWAPI:Order.obj
 0001:0003f580       ??__EResearchTech@Orders@BWAPI@@YAXXZ 00440580 f   BWAPI:Order.obj
 0001:0003f5c0       ??__EUpgrade@Orders@BWAPI@@YAXXZ 004405c0 f   BWAPI:Order.obj
 0001:0003f600       ??__ELarva@Orders@BWAPI@@YAXXZ 00440600 f   BWAPI:Order.obj
 0001:0003f640       ??__ESpawningLarva@Orders@BWAPI@@YAXXZ 00440640 f   BWAPI:Order.obj
 0001:0003f680       ??__EHarvest1@Orders@BWAPI@@YAXXZ 00440680 f   BWAPI:Order.obj
 0001:0003f6c0       ??__EHarvest2@Orders@BWAPI@@YAXXZ 004406c0 f   BWAPI:Order.obj
 0001:0003f700       ??__EMoveToGas@Orders@BWAPI@@YAXXZ 00440700 f   BWAPI:Order.obj
 0001:0003f740       ??__EWaitForGas@Orders@BWAPI@@YAXXZ 00440740 f   BWAPI:Order.obj
 0001:0003f780       ??__EHarvestGas@Orders@BWAPI@@YAXXZ 00440780 f   BWAPI:Order.obj
 0001:0003f7c0       ??__EReturnGas@Orders@BWAPI@@YAXXZ 004407c0 f   BWAPI:Order.obj
 0001:0003f800       ??__EMoveToMinerals@Orders@BWAPI@@YAXXZ 00440800 f   BWAPI:Order.obj
 0001:0003f840       ??__EWaitForMinerals@Orders@BWAPI@@YAXXZ 00440840 f   BWAPI:Order.obj
 0001:0003f880       ??__EMiningMinerals@Orders@BWAPI@@YAXXZ 00440880 f   BWAPI:Order.obj
 0001:0003f8c0       ??__EHarvest3@Orders@BWAPI@@YAXXZ 004408c0 f   BWAPI:Order.obj
 0001:0003f900       ??__EHarvest4@Orders@BWAPI@@YAXXZ 00440900 f   BWAPI:Order.obj
 0001:0003f940       ??__EReturnMinerals@Orders@BWAPI@@YAXXZ 00440940 f   BWAPI:Order.obj
 0001:0003f980       ??__EInterrupted@Orders@BWAPI@@YAXXZ 00440980 f   BWAPI:Order.obj
 0001:0003f9c0       ??__EEnterTransport@Orders@BWAPI@@YAXXZ 004409c0 f   BWAPI:Order.obj
 0001:0003fa00       ??__EPickupIdle@Orders@BWAPI@@YAXXZ 00440a00 f   BWAPI:Order.obj
 0001:0003fa40       ??__EPickupTransport@Orders@BWAPI@@YAXXZ 00440a40 f   BWAPI:Order.obj
 0001:0003fa80       ??__EPickupBunker@Orders@BWAPI@@YAXXZ 00440a80 f   BWAPI:Order.obj
 0001:0003fac0       ??__EPickup4@Orders@BWAPI@@YAXXZ 00440ac0 f   BWAPI:Order.obj
 0001:0003fb00       ??__EPowerupIdle@Orders@BWAPI@@YAXXZ 00440b00 f   BWAPI:Order.obj
 0001:0003fb40       ??__ESieging@Orders@BWAPI@@YAXXZ 00440b40 f   BWAPI:Order.obj
 0001:0003fb80       ??__EUnsieging@Orders@BWAPI@@YAXXZ 00440b80 f   BWAPI:Order.obj
 0001:0003fbc0       ??__EInitCreepGrowth@Orders@BWAPI@@YAXXZ 00440bc0 f   BWAPI:Order.obj
 0001:0003fc00       ??__ESpreadCreep@Orders@BWAPI@@YAXXZ 00440c00 f   BWAPI:Order.obj
 0001:0003fc40       ??__EStoppingCreepGrowth@Orders@BWAPI@@YAXXZ 00440c40 f   BWAPI:Order.obj
 0001:0003fc80       ??__EGuardianAspect@Orders@BWAPI@@YAXXZ 00440c80 f   BWAPI:Order.obj
 0001:0003fcc0       ??__EArchonWarp@Orders@BWAPI@@YAXXZ 00440cc0 f   BWAPI:Order.obj
 0001:0003fd00       ??__ECompletingArchonsummon@Orders@BWAPI@@YAXXZ 00440d00 f   BWAPI:Order.obj
 0001:0003fd40       ??__EHoldPosition@Orders@BWAPI@@YAXXZ 00440d40 f   BWAPI:Order.obj
 0001:0003fd80       ??__ECloak@Orders@BWAPI@@YAXXZ 00440d80 f   BWAPI:Order.obj
 0001:0003fdc0       ??__EDecloak@Orders@BWAPI@@YAXXZ 00440dc0 f   BWAPI:Order.obj
 0001:0003fe00       ??__EUnload@Orders@BWAPI@@YAXXZ 00440e00 f   BWAPI:Order.obj
 0001:0003fe40       ??__EMoveUnload@Orders@BWAPI@@YAXXZ 00440e40 f   BWAPI:Order.obj
 0001:0003fe80       ??__EFireYamatoGun@Orders@BWAPI@@YAXXZ 00440e80 f   BWAPI:Order.obj
 0001:0003fec0       ??__ECastLockdown@Orders@BWAPI@@YAXXZ 00440ec0 f   BWAPI:Order.obj
 0001:0003ff00       ??__EBurrowing@Orders@BWAPI@@YAXXZ 00440f00 f   BWAPI:Order.obj
 0001:0003ff40       ??__EBurrowed@Orders@BWAPI@@YAXXZ 00440f40 f   BWAPI:Order.obj
 0001:0003ff80       ??__EUnburrowing@Orders@BWAPI@@YAXXZ 00440f80 f   BWAPI:Order.obj
 0001:0003ffc0       ??__ECastDarkSwarm@Orders@BWAPI@@YAXXZ 00440fc0 f   BWAPI:Order.obj
 0001:00040000       ??__ECastParasite@Orders@BWAPI@@YAXXZ 00441000 f   BWAPI:Order.obj
 0001:00040040       ??__ECastSpawnBroodlings@Orders@BWAPI@@YAXXZ 00441040 f   BWAPI:Order.obj
 0001:00040080       ??__ECastEMPShockwave@Orders@BWAPI@@YAXXZ 00441080 f   BWAPI:Order.obj
 0001:000400c0       ??__ENukeWait@Orders@BWAPI@@YAXXZ 004410c0 f   BWAPI:Order.obj
 0001:00040100       ??__ENukeTrain@Orders@BWAPI@@YAXXZ 00441100 f   BWAPI:Order.obj
 0001:00040140       ??__ENukeLaunch@Orders@BWAPI@@YAXXZ 00441140 f   BWAPI:Order.obj
 0001:00040180       ??__ENukePaint@Orders@BWAPI@@YAXXZ 00441180 f   BWAPI:Order.obj
 0001:000401c0       ??__ENukeUnit@Orders@BWAPI@@YAXXZ 004411c0 f   BWAPI:Order.obj
 0001:00040200       ??__ECastNuclearStrike@Orders@BWAPI@@YAXXZ 00441200 f   BWAPI:Order.obj
 0001:00040240       ??__ENukeTrack@Orders@BWAPI@@YAXXZ 00441240 f   BWAPI:Order.obj
 0001:00040280       ??__ECloakNearbyUnits@Orders@BWAPI@@YAXXZ 00441280 f   BWAPI:Order.obj
 0001:000402c0       ??__EPlaceMine@Orders@BWAPI@@YAXXZ 004412c0 f   BWAPI:Order.obj
 0001:00040300       ??__ERightClickAction@Orders@BWAPI@@YAXXZ 00441300 f   BWAPI:Order.obj
 0001:00040340       ??__ECastRecall@Orders@BWAPI@@YAXXZ 00441340 f   BWAPI:Order.obj
 0001:00040380       ??__ETeleporttoLocation@Orders@BWAPI@@YAXXZ 00441380 f   BWAPI:Order.obj
 0001:000403c0       ??__ECastScannerSweep@Orders@BWAPI@@YAXXZ 004413c0 f   BWAPI:Order.obj
 0001:00040400       ??__EScanner@Orders@BWAPI@@YAXXZ 00441400 f   BWAPI:Order.obj
 0001:00040440       ??__ECastDefensiveMatrix@Orders@BWAPI@@YAXXZ 00441440 f   BWAPI:Order.obj
 0001:00040480       ??__ECastPsionicStorm@Orders@BWAPI@@YAXXZ 00441480 f   BWAPI:Order.obj
 0001:000404c0       ??__ECastIrradiate@Orders@BWAPI@@YAXXZ 004414c0 f   BWAPI:Order.obj
 0001:00040500       ??__ECastPlague@Orders@BWAPI@@YAXXZ 00441500 f   BWAPI:Order.obj
 0001:00040540       ??__ECastConsume@Orders@BWAPI@@YAXXZ 00441540 f   BWAPI:Order.obj
 0001:00040580       ??__ECastEnsnare@Orders@BWAPI@@YAXXZ 00441580 f   BWAPI:Order.obj
 0001:000405c0       ??__ECastStasisField@Orders@BWAPI@@YAXXZ 004415c0 f   BWAPI:Order.obj
 0001:00040600       ??__ECastHallucination@Orders@BWAPI@@YAXXZ 00441600 f   BWAPI:Order.obj
 0001:00040640       ??__EHallucination2@Orders@BWAPI@@YAXXZ 00441640 f   BWAPI:Order.obj
 0001:00040680       ??__EResetCollision@Orders@BWAPI@@YAXXZ 00441680 f   BWAPI:Order.obj
 0001:000406c0       ??__EPatrol@Orders@BWAPI@@YAXXZ 004416c0 f   BWAPI:Order.obj
 0001:00040700       ??__ECTFCOPInit@Orders@BWAPI@@YAXXZ 00441700 f   BWAPI:Order.obj
 0001:00040740       ??__ECTFCOPStarted@Orders@BWAPI@@YAXXZ 00441740 f   BWAPI:Order.obj
 0001:00040780       ??__ECTFCOP2@Orders@BWAPI@@YAXXZ 00441780 f   BWAPI:Order.obj
 0001:000407c0       ??__EComputerAI@Orders@BWAPI@@YAXXZ 004417c0 f   BWAPI:Order.obj
 0001:00040800       ??__EAtkMoveEP@Orders@BWAPI@@YAXXZ 00441800 f   BWAPI:Order.obj
 0001:00040840       ??__EHarassMove@Orders@BWAPI@@YAXXZ 00441840 f   BWAPI:Order.obj
 0001:00040880       ??__EAIPatrol@Orders@BWAPI@@YAXXZ 00441880 f   BWAPI:Order.obj
 0001:000408c0       ??__EGuardPost@Orders@BWAPI@@YAXXZ 004418c0 f   BWAPI:Order.obj
 0001:00040900       ??__ERescuePassive@Orders@BWAPI@@YAXXZ 00441900 f   BWAPI:Order.obj
 0001:00040940       ??__ENeutral@Orders@BWAPI@@YAXXZ 00441940 f   BWAPI:Order.obj
 0001:00040980       ??__EComputerReturn@Orders@BWAPI@@YAXXZ 00441980 f   BWAPI:Order.obj
 0001:000409c0       ??__ESelfDestrucing@Orders@BWAPI@@YAXXZ 004419c0 f   BWAPI:Order.obj
 0001:00040a00       ??__ECritter@Orders@BWAPI@@YAXXZ 00441a00 f   BWAPI:Order.obj
 0001:00040a40       ??__EHiddenGun@Orders@BWAPI@@YAXXZ 00441a40 f   BWAPI:Order.obj
 0001:00040a80       ??__EOpenDoor@Orders@BWAPI@@YAXXZ 00441a80 f   BWAPI:Order.obj
 0001:00040ac0       ??__ECloseDoor@Orders@BWAPI@@YAXXZ 00441ac0 f   BWAPI:Order.obj
 0001:00040b00       ??__EHideTrap@Orders@BWAPI@@YAXXZ 00441b00 f   BWAPI:Order.obj
 0001:00040b40       ??__ERevealTrap@Orders@BWAPI@@YAXXZ 00441b40 f   BWAPI:Order.obj
 0001:00040b80       ??__EEnabledoodad@Orders@BWAPI@@YAXXZ 00441b80 f   BWAPI:Order.obj
 0001:00040bc0       ??__EDisabledoodad@Orders@BWAPI@@YAXXZ 00441bc0 f   BWAPI:Order.obj
 0001:00040c00       ??__EWarpin@Orders@BWAPI@@YAXXZ 00441c00 f   BWAPI:Order.obj
 0001:00040c40       ??__EMedic@Orders@BWAPI@@YAXXZ 00441c40 f   BWAPI:Order.obj
 0001:00040c80       ??__EMedicHeal1@Orders@BWAPI@@YAXXZ 00441c80 f   BWAPI:Order.obj
 0001:00040cc0       ??__EHealMove@Orders@BWAPI@@YAXXZ 00441cc0 f   BWAPI:Order.obj
 0001:00040d00       ??__EMedicHeal2@Orders@BWAPI@@YAXXZ 00441d00 f   BWAPI:Order.obj
 0001:00040d40       ??__ECastRestoration@Orders@BWAPI@@YAXXZ 00441d40 f   BWAPI:Order.obj
 0001:00040d80       ??__ECastDisruptionWeb@Orders@BWAPI@@YAXXZ 00441d80 f   BWAPI:Order.obj
 0001:00040dc0       ??__ECastMindControl@Orders@BWAPI@@YAXXZ 00441dc0 f   BWAPI:Order.obj
 0001:00040e00       ??__EDarkArchonMeld@Orders@BWAPI@@YAXXZ 00441e00 f   BWAPI:Order.obj
 0001:00040e40       ??__ECastFeedback@Orders@BWAPI@@YAXXZ 00441e40 f   BWAPI:Order.obj
 0001:00040e80       ??__ECastOpticalFlare@Orders@BWAPI@@YAXXZ 00441e80 f   BWAPI:Order.obj
 0001:00040ec0       ??__ECastMaelstrom@Orders@BWAPI@@YAXXZ 00441ec0 f   BWAPI:Order.obj
 0001:00040f00       ??__EJunkYardDog@Orders@BWAPI@@YAXXZ 00441f00 f   BWAPI:Order.obj
 0001:00040f40       ??__EFatal@Orders@BWAPI@@YAXXZ 00441f40 f   BWAPI:Order.obj
 0001:00040f80       ??__ENone@Orders@BWAPI@@YAXXZ 00441f80 f   BWAPI:Order.obj
 0001:00040fc0       ??__EUnknown@Orders@BWAPI@@YAXXZ 00441fc0 f   BWAPI:Order.obj
 0001:00041000       ??__Fnames@Players@Search@@YAXXZ 00442000 f    CIL library: CIL module
 0001:00041060       ??__Fnames@PlayerModels@Search@@YAXXZ 00442060 f    CIL library: CIL module
 0001:000410c0       ??__Fnames@EvaluationMethods@Search@@YAXXZ 004420c0 f    CIL library: CIL module
 0001:00041120       ??__Fnames@PlayerToMove@Search@@YAXXZ 00442120 f    CIL library: CIL module
 0001:00041180       ??__FattackFrameData@StarcraftData@Search@@YAXXZ 00442180 f    CIL library: CIL module
 0001:000411c0       ??__FmacroTypeSet@BWAPI@@YAXXZ 004421c0 f   BWAPI:UnitType.obj
 0001:000411d0       ??__FunitTypeData@BWAPI@@YAXXZ 004421d0 f   BWAPI:UnitType.obj
 0001:000411f0       ??__FunitTypeSet@BWAPI@@YAXXZ 004421f0 f   BWAPI:UnitType.obj
 0001:00041200       ??__FunitTypeMap@BWAPI@@YAXXZ 00442200 f   BWAPI:UnitType.obj
 0001:00041210       ??__FweaponTypeData@BWAPI@@YAXXZ 00442210 f   BWAPI:WeaponType.obj
 0001:00041230       ??__FspecialWeaponTypeSet@BWAPI@@YAXXZ 00442230 f   BWAPI:WeaponType.obj
 0001:00041240       ??__FnormalWeaponTypeSet@BWAPI@@YAXXZ 00442240 f   BWAPI:WeaponType.obj
 0001:00041250       ??__FweaponTypeSet@BWAPI@@YAXXZ 00442250 f   BWAPI:WeaponType.obj
 0001:00041260       ??__FweaponTypeMap@BWAPI@@YAXXZ 00442260 f   BWAPI:WeaponType.obj
 0001:00041270       ??__FtechTypeData@BWAPI@@YAXXZ 00442270 f   BWAPI:TechType.obj
 0001:00041290       ??__FtechTypeSet@BWAPI@@YAXXZ 00442290 f   BWAPI:TechType.obj
 0001:000412a0       ??__FtechTypeMap@BWAPI@@YAXXZ 004422a0 f   BWAPI:TechType.obj
 0001:000412b0       ??__FupgradeTypeData@BWAPI@@YAXXZ 004422b0 f   BWAPI:UpgradeType.obj
 0001:000412d0       ??__FupgradeTypeSet@BWAPI@@YAXXZ 004422d0 f   BWAPI:UpgradeType.obj
 0001:000412e0       ??__FupgradeTypeMap@BWAPI@@YAXXZ 004422e0 f   BWAPI:UpgradeType.obj
 0001:000412f0       ??__FraceData@BWAPI@@YAXXZ 004422f0 f   BWAPI:Race.obj
 0001:00041310       ??__FraceSet@BWAPI@@YAXXZ  00442310 f   BWAPI:Race.obj
 0001:00041320       ??__FraceMap@BWAPI@@YAXXZ  00442320 f   BWAPI:Race.obj
 0001:00041330       ??__FunitSizeTypeName@BWAPI@@YAXXZ 00442330 f   BWAPI:UnitSizeType.obj
 0001:00041350       ??__FunitSizeTypeSet@BWAPI@@YAXXZ 00442350 f   BWAPI:UnitSizeType.obj
 0001:00041360       ??__FunitSizeTypeMap@BWAPI@@YAXXZ 00442360 f   BWAPI:UnitSizeType.obj
 0001:00041370       ??__FexplosionTypeName@BWAPI@@YAXXZ 00442370 f   BWAPI:ExplosionType.obj
 0001:00041390       ??__FexplosionTypeSet@BWAPI@@YAXXZ 00442390 f   BWAPI:ExplosionType.obj
 0001:000413a0       ??__FexplosionTypeMap@BWAPI@@YAXXZ 004423a0 f   BWAPI:ExplosionType.obj
 0001:000413b0       ??__FdamageTypeName@BWAPI@@YAXXZ 004423b0 f   BWAPI:DamageType.obj
 0001:000413d0       ??__FdamageTypeSet@BWAPI@@YAXXZ 004423d0 f   BWAPI:DamageType.obj
 0001:000413e0       ??__FdamageTypeMap@BWAPI@@YAXXZ 004423e0 f   BWAPI:DamageType.obj
 0001:000413f0       ??__FgameTypeName@BWAPI@@YAXXZ 004423f0 f   BWAPI:GameType.obj
 0001:00041410       ??__FgameTypeSet@BWAPI@@YAXXZ 00442410 f   BWAPI:GameType.obj
 0001:00041420       ??__FgameTypeMap@BWAPI@@YAXXZ 00442420 f   BWAPI:GameType.obj
 0001:00041430       ??__FerrorName@BWAPI@@YAXXZ 00442430 f   BWAPI:Error.obj
 0001:00041450       ??__FerrorSet@BWAPI@@YAXXZ 00442450 f   BWAPI:Error.obj
 0001:00041460       ??__FerrorMap@BWAPI@@YAXXZ 00442460 f   BWAPI:Error.obj
 0001:00041470       ??__FbulletTypeName@BWAPI@@YAXXZ 00442470 f   BWAPI:BulletType.obj
 0001:00041490       ??__FbulletTypeSet@BWAPI@@YAXXZ 00442490 f   BWAPI:BulletType.obj
 0001:000414a0       ??__FbulletTypeMap@BWAPI@@YAXXZ 004424a0 f   BWAPI:BulletType.obj
 0001:000414b0       ??__FunitCommandTypeName@BWAPI@@YAXXZ 004424b0 f   BWAPI:UnitCommandType.obj
 0001:000414d0       ??__FunitCommandTypeSet@BWAPI@@YAXXZ 004424d0 f   BWAPI:UnitCommandType.obj
 0001:000414e0       ??__FunitCommandTypeMap@BWAPI@@YAXXZ 004424e0 f   BWAPI:UnitCommandType.obj
 0001:000414f0       ??__FplayerTypeName@BWAPI@@YAXXZ 004424f0 f   BWAPI:PlayerType.obj
 0001:00041510       ??__FplayerTypeSet@BWAPI@@YAXXZ 00442510 f   BWAPI:PlayerType.obj
 0001:00041520       ??__FplayerTypeMap@BWAPI@@YAXXZ 00442520 f   BWAPI:PlayerType.obj
 0001:00041530       ??__ForderName@BWAPI@@YAXXZ 00442530 f   BWAPI:Order.obj
 0001:00041550       ??__ForderSet@BWAPI@@YAXXZ 00442550 f   BWAPI:Order.obj
 0001:00041560       ??__ForderMap@BWAPI@@YAXXZ 00442560 f   BWAPI:Order.obj
